<?xml version="1.0" encoding="ISO-8859-1" ?>
<link_info>
   <banner>TI ARM Linker PC v18.12.2.LTS</banner>
   <copyright>Copyright (c) 1996-2018 Texas Instruments Incorporated</copyright>
   <link_time>0x5faac981</link_time>
   <link_errors>0x0</link_errors>
   <output_file>CC3100_GetWeather.out</output_file>
   <entry_point>
      <name>_c_int00_noargs</name>
      <address>0x9601</address>
   </entry_point>
   <input_file_list>
      <input_file id="fl-2">
         <path>.\</path>
         <kind>object</kind>
         <file>Clock.obj</file>
         <name>Clock.obj</name>
      </input_file>
      <input_file id="fl-3">
         <path>.\</path>
         <kind>object</kind>
         <file>LaunchPad.obj</file>
         <name>LaunchPad.obj</name>
      </input_file>
      <input_file id="fl-4">
         <path>..\</path>
         <kind>object</kind>
         <file>UART0.obj</file>
         <name>UART0.obj</name>
      </input_file>
      <input_file id="fl-5">
         <path>.\</path>
         <kind>object</kind>
         <file>board.obj</file>
         <name>board.obj</name>
      </input_file>
      <input_file id="fl-6">
         <path>.\</path>
         <kind>object</kind>
         <file>cpu.obj</file>
         <name>cpu.obj</name>
      </input_file>
      <input_file id="fl-7">
         <path>.\</path>
         <kind>object</kind>
         <file>device.obj</file>
         <name>device.obj</name>
      </input_file>
      <input_file id="fl-8">
         <path>.\</path>
         <kind>object</kind>
         <file>driver.obj</file>
         <name>driver.obj</name>
      </input_file>
      <input_file id="fl-9">
         <path>.\</path>
         <kind>object</kind>
         <file>flowcont.obj</file>
         <name>flowcont.obj</name>
      </input_file>
      <input_file id="fl-a">
         <path>.\</path>
         <kind>object</kind>
         <file>fpu.obj</file>
         <name>fpu.obj</name>
      </input_file>
      <input_file id="fl-b">
         <path>.\</path>
         <kind>object</kind>
         <file>fs.obj</file>
         <name>fs.obj</name>
      </input_file>
      <input_file id="fl-c">
         <path>.\</path>
         <kind>object</kind>
         <file>interrupt.obj</file>
         <name>interrupt.obj</name>
      </input_file>
      <input_file id="fl-d">
         <path>.\</path>
         <kind>object</kind>
         <file>main.obj</file>
         <name>main.obj</name>
      </input_file>
      <input_file id="fl-e">
         <path>.\</path>
         <kind>object</kind>
         <file>netapp.obj</file>
         <name>netapp.obj</name>
      </input_file>
      <input_file id="fl-f">
         <path>.\</path>
         <kind>object</kind>
         <file>netcfg.obj</file>
         <name>netcfg.obj</name>
      </input_file>
      <input_file id="fl-10">
         <path>.\</path>
         <kind>object</kind>
         <file>nonos.obj</file>
         <name>nonos.obj</name>
      </input_file>
      <input_file id="fl-11">
         <path>.\</path>
         <kind>object</kind>
         <file>socket.obj</file>
         <name>socket.obj</name>
      </input_file>
      <input_file id="fl-12">
         <path>.\</path>
         <kind>object</kind>
         <file>spawn.obj</file>
         <name>spawn.obj</name>
      </input_file>
      <input_file id="fl-13">
         <path>.\</path>
         <kind>object</kind>
         <file>spi.obj</file>
         <name>spi.obj</name>
      </input_file>
      <input_file id="fl-14">
         <path>.\</path>
         <kind>object</kind>
         <file>startup_msp432p401r_ccs.obj</file>
         <name>startup_msp432p401r_ccs.obj</name>
      </input_file>
      <input_file id="fl-15">
         <path>.\</path>
         <kind>object</kind>
         <file>sysctl.obj</file>
         <name>sysctl.obj</name>
      </input_file>
      <input_file id="fl-16">
         <path>.\</path>
         <kind>object</kind>
         <file>system_msp432p401r.obj</file>
         <name>system_msp432p401r.obj</name>
      </input_file>
      <input_file id="fl-17">
         <path>.\</path>
         <kind>object</kind>
         <file>timer_tick.obj</file>
         <name>timer_tick.obj</name>
      </input_file>
      <input_file id="fl-18">
         <path>.\</path>
         <kind>object</kind>
         <file>ustdlib.obj</file>
         <name>ustdlib.obj</name>
      </input_file>
      <input_file id="fl-19">
         <path>.\</path>
         <kind>object</kind>
         <file>wlan.obj</file>
         <name>wlan.obj</name>
      </input_file>
      <input_file id="fl-1d">
         <kind>object</kind>
         <file>&lt;internal&gt;</file>
         <name>&lt;internal&gt;</name>
      </input_file>
      <input_file id="fl-d3">
         <path>C:\ti\ccs910\ccs\tools\compiler\ti-cgt-arm_18.12.2.LTS\lib\</path>
         <kind>archive</kind>
         <file>rtsv7M4_T_le_v4SPD16_eabi.lib</file>
         <name>printf.c.obj</name>
      </input_file>
      <input_file id="fl-d4">
         <path>C:\ti\ccs910\ccs\tools\compiler\ti-cgt-arm_18.12.2.LTS\lib\</path>
         <kind>archive</kind>
         <file>rtsv7M4_T_le_v4SPD16_eabi.lib</file>
         <name>_printfi.c.obj</name>
      </input_file>
      <input_file id="fl-d5">
         <path>C:\ti\ccs910\ccs\tools\compiler\ti-cgt-arm_18.12.2.LTS\lib\</path>
         <kind>archive</kind>
         <file>rtsv7M4_T_le_v4SPD16_eabi.lib</file>
         <name>fopen.c.obj</name>
      </input_file>
      <input_file id="fl-d6">
         <path>C:\ti\ccs910\ccs\tools\compiler\ti-cgt-arm_18.12.2.LTS\lib\</path>
         <kind>archive</kind>
         <file>rtsv7M4_T_le_v4SPD16_eabi.lib</file>
         <name>fputc.c.obj</name>
      </input_file>
      <input_file id="fl-d7">
         <path>C:\ti\ccs910\ccs\tools\compiler\ti-cgt-arm_18.12.2.LTS\lib\</path>
         <kind>archive</kind>
         <file>rtsv7M4_T_le_v4SPD16_eabi.lib</file>
         <name>fputs.c.obj</name>
      </input_file>
      <input_file id="fl-d8">
         <path>C:\ti\ccs910\ccs\tools\compiler\ti-cgt-arm_18.12.2.LTS\lib\</path>
         <kind>archive</kind>
         <file>rtsv7M4_T_le_v4SPD16_eabi.lib</file>
         <name>_io_perm.c.obj</name>
      </input_file>
      <input_file id="fl-d9">
         <path>C:\ti\ccs910\ccs\tools\compiler\ti-cgt-arm_18.12.2.LTS\lib\</path>
         <kind>archive</kind>
         <file>rtsv7M4_T_le_v4SPD16_eabi.lib</file>
         <name>setvbuf.c.obj</name>
      </input_file>
      <input_file id="fl-da">
         <path>C:\ti\ccs910\ccs\tools\compiler\ti-cgt-arm_18.12.2.LTS\lib\</path>
         <kind>archive</kind>
         <file>rtsv7M4_T_le_v4SPD16_eabi.lib</file>
         <name>s_frexp.c.obj</name>
      </input_file>
      <input_file id="fl-db">
         <path>C:\ti\ccs910\ccs\tools\compiler\ti-cgt-arm_18.12.2.LTS\lib\</path>
         <kind>archive</kind>
         <file>rtsv7M4_T_le_v4SPD16_eabi.lib</file>
         <name>s_scalbn.c.obj</name>
      </input_file>
      <input_file id="fl-dc">
         <path>C:\ti\ccs910\ccs\tools\compiler\ti-cgt-arm_18.12.2.LTS\lib\</path>
         <kind>archive</kind>
         <file>rtsv7M4_T_le_v4SPD16_eabi.lib</file>
         <name>ull_div_t2.asm.obj</name>
      </input_file>
      <input_file id="fl-dd">
         <path>C:\ti\ccs910\ccs\tools\compiler\ti-cgt-arm_18.12.2.LTS\lib\</path>
         <kind>archive</kind>
         <file>rtsv7M4_T_le_v4SPD16_eabi.lib</file>
         <name>memset_t2.asm.obj</name>
      </input_file>
      <input_file id="fl-de">
         <path>C:\ti\ccs910\ccs\tools\compiler\ti-cgt-arm_18.12.2.LTS\lib\</path>
         <kind>archive</kind>
         <file>rtsv7M4_T_le_v4SPD16_eabi.lib</file>
         <name>fd_add_t2.asm.obj</name>
      </input_file>
      <input_file id="fl-df">
         <path>C:\ti\ccs910\ccs\tools\compiler\ti-cgt-arm_18.12.2.LTS\lib\</path>
         <kind>archive</kind>
         <file>rtsv7M4_T_le_v4SPD16_eabi.lib</file>
         <name>fd_cmp_t2.asm.obj</name>
      </input_file>
      <input_file id="fl-e0">
         <path>C:\ti\ccs910\ccs\tools\compiler\ti-cgt-arm_18.12.2.LTS\lib\</path>
         <kind>archive</kind>
         <file>rtsv7M4_T_le_v4SPD16_eabi.lib</file>
         <name>fd_div_t2.asm.obj</name>
      </input_file>
      <input_file id="fl-e1">
         <path>C:\ti\ccs910\ccs\tools\compiler\ti-cgt-arm_18.12.2.LTS\lib\</path>
         <kind>archive</kind>
         <file>rtsv7M4_T_le_v4SPD16_eabi.lib</file>
         <name>fd_mul_t2.asm.obj</name>
      </input_file>
      <input_file id="fl-e2">
         <path>C:\ti\ccs910\ccs\tools\compiler\ti-cgt-arm_18.12.2.LTS\lib\</path>
         <kind>archive</kind>
         <file>rtsv7M4_T_le_v4SPD16_eabi.lib</file>
         <name>fd_toi_t2.asm.obj</name>
      </input_file>
      <input_file id="fl-e3">
         <path>C:\ti\ccs910\ccs\tools\compiler\ti-cgt-arm_18.12.2.LTS\lib\</path>
         <kind>archive</kind>
         <file>rtsv7M4_T_le_v4SPD16_eabi.lib</file>
         <name>i_tofd_t2.asm.obj</name>
      </input_file>
      <input_file id="fl-e4">
         <path>C:\ti\ccs910\ccs\tools\compiler\ti-cgt-arm_18.12.2.LTS\lib\</path>
         <kind>archive</kind>
         <file>rtsv7M4_T_le_v4SPD16_eabi.lib</file>
         <name>memcpy_t2.asm.obj</name>
      </input_file>
      <input_file id="fl-e5">
         <path>C:\ti\ccs910\ccs\tools\compiler\ti-cgt-arm_18.12.2.LTS\lib\</path>
         <kind>archive</kind>
         <file>rtsv7M4_T_le_v4SPD16_eabi.lib</file>
         <name>u_divt2.asm.obj</name>
      </input_file>
      <input_file id="fl-e6">
         <path>C:\ti\ccs910\ccs\tools\compiler\ti-cgt-arm_18.12.2.LTS\lib\</path>
         <kind>archive</kind>
         <file>rtsv7M4_T_le_v4SPD16_eabi.lib</file>
         <name>copy_zero_init.c.obj</name>
      </input_file>
      <input_file id="fl-e7">
         <path>C:\ti\ccs910\ccs\tools\compiler\ti-cgt-arm_18.12.2.LTS\lib\</path>
         <kind>archive</kind>
         <file>rtsv7M4_T_le_v4SPD16_eabi.lib</file>
         <name>copy_decompress_none.c.obj</name>
      </input_file>
      <input_file id="fl-e8">
         <path>C:\ti\ccs910\ccs\tools\compiler\ti-cgt-arm_18.12.2.LTS\lib\</path>
         <kind>archive</kind>
         <file>rtsv7M4_T_le_v4SPD16_eabi.lib</file>
         <name>copy_decompress_lzss.c.obj</name>
      </input_file>
      <input_file id="fl-e9">
         <path>C:\ti\ccs910\ccs\tools\compiler\ti-cgt-arm_18.12.2.LTS\lib\</path>
         <kind>archive</kind>
         <file>rtsv7M4_T_le_v4SPD16_eabi.lib</file>
         <name>exit.c.obj</name>
      </input_file>
      <input_file id="fl-ea">
         <path>C:\ti\ccs910\ccs\tools\compiler\ti-cgt-arm_18.12.2.LTS\lib\</path>
         <kind>archive</kind>
         <file>rtsv7M4_T_le_v4SPD16_eabi.lib</file>
         <name>_lock.c.obj</name>
      </input_file>
      <input_file id="fl-eb">
         <path>C:\ti\ccs910\ccs\tools\compiler\ti-cgt-arm_18.12.2.LTS\lib\</path>
         <kind>archive</kind>
         <file>rtsv7M4_T_le_v4SPD16_eabi.lib</file>
         <name>atoi.c.obj</name>
      </input_file>
      <input_file id="fl-ec">
         <path>C:\ti\ccs910\ccs\tools\compiler\ti-cgt-arm_18.12.2.LTS\lib\</path>
         <kind>archive</kind>
         <file>rtsv7M4_T_le_v4SPD16_eabi.lib</file>
         <name>ctype.c.obj</name>
      </input_file>
      <input_file id="fl-ed">
         <path>C:\ti\ccs910\ccs\tools\compiler\ti-cgt-arm_18.12.2.LTS\lib\</path>
         <kind>archive</kind>
         <file>rtsv7M4_T_le_v4SPD16_eabi.lib</file>
         <name>defs.c.obj</name>
      </input_file>
      <input_file id="fl-ee">
         <path>C:\ti\ccs910\ccs\tools\compiler\ti-cgt-arm_18.12.2.LTS\lib\</path>
         <kind>archive</kind>
         <file>rtsv7M4_T_le_v4SPD16_eabi.lib</file>
         <name>ltoa.c.obj</name>
      </input_file>
      <input_file id="fl-ef">
         <path>C:\ti\ccs910\ccs\tools\compiler\ti-cgt-arm_18.12.2.LTS\lib\</path>
         <kind>archive</kind>
         <file>rtsv7M4_T_le_v4SPD16_eabi.lib</file>
         <name>memccpy.c.obj</name>
      </input_file>
      <input_file id="fl-f0">
         <path>C:\ti\ccs910\ccs\tools\compiler\ti-cgt-arm_18.12.2.LTS\lib\</path>
         <kind>archive</kind>
         <file>rtsv7M4_T_le_v4SPD16_eabi.lib</file>
         <name>memchr.c.obj</name>
      </input_file>
      <input_file id="fl-f1">
         <path>C:\ti\ccs910\ccs\tools\compiler\ti-cgt-arm_18.12.2.LTS\lib\</path>
         <kind>archive</kind>
         <file>rtsv7M4_T_le_v4SPD16_eabi.lib</file>
         <name>memory.c.obj</name>
      </input_file>
      <input_file id="fl-f2">
         <path>C:\ti\ccs910\ccs\tools\compiler\ti-cgt-arm_18.12.2.LTS\lib\</path>
         <kind>archive</kind>
         <file>rtsv7M4_T_le_v4SPD16_eabi.lib</file>
         <name>strchr.c.obj</name>
      </input_file>
      <input_file id="fl-f3">
         <path>C:\ti\ccs910\ccs\tools\compiler\ti-cgt-arm_18.12.2.LTS\lib\</path>
         <kind>archive</kind>
         <file>rtsv7M4_T_le_v4SPD16_eabi.lib</file>
         <name>strcpy.c.obj</name>
      </input_file>
      <input_file id="fl-f4">
         <path>C:\ti\ccs910\ccs\tools\compiler\ti-cgt-arm_18.12.2.LTS\lib\</path>
         <kind>archive</kind>
         <file>rtsv7M4_T_le_v4SPD16_eabi.lib</file>
         <name>strlen.c.obj</name>
      </input_file>
      <input_file id="fl-f5">
         <path>C:\ti\ccs910\ccs\tools\compiler\ti-cgt-arm_18.12.2.LTS\lib\</path>
         <kind>archive</kind>
         <file>rtsv7M4_T_le_v4SPD16_eabi.lib</file>
         <name>write.c.obj</name>
      </input_file>
      <input_file id="fl-f6">
         <path>C:\ti\ccs910\ccs\tools\compiler\ti-cgt-arm_18.12.2.LTS\lib\</path>
         <kind>archive</kind>
         <file>rtsv7M4_T_le_v4SPD16_eabi.lib</file>
         <name>host_device.c.obj</name>
      </input_file>
      <input_file id="fl-f7">
         <path>C:\ti\ccs910\ccs\tools\compiler\ti-cgt-arm_18.12.2.LTS\lib\</path>
         <kind>archive</kind>
         <file>rtsv7M4_T_le_v4SPD16_eabi.lib</file>
         <name>open.c.obj</name>
      </input_file>
      <input_file id="fl-f8">
         <path>C:\ti\ccs910\ccs\tools\compiler\ti-cgt-arm_18.12.2.LTS\lib\</path>
         <kind>archive</kind>
         <file>rtsv7M4_T_le_v4SPD16_eabi.lib</file>
         <name>add_device.c.obj</name>
      </input_file>
      <input_file id="fl-f9">
         <path>C:\ti\ccs910\ccs\tools\compiler\ti-cgt-arm_18.12.2.LTS\lib\</path>
         <kind>archive</kind>
         <file>rtsv7M4_T_le_v4SPD16_eabi.lib</file>
         <name>boot_cortex_m.c.obj</name>
      </input_file>
      <input_file id="fl-fa">
         <path>C:\ti\ccs910\ccs\tools\compiler\ti-cgt-arm_18.12.2.LTS\lib\</path>
         <kind>archive</kind>
         <file>rtsv7M4_T_le_v4SPD16_eabi.lib</file>
         <name>errno.c.obj</name>
      </input_file>
      <input_file id="fl-fb">
         <path>C:\ti\ccs910\ccs\tools\compiler\ti-cgt-arm_18.12.2.LTS\lib\</path>
         <kind>archive</kind>
         <file>rtsv7M4_T_le_v4SPD16_eabi.lib</file>
         <name>wcslen.c.obj</name>
      </input_file>
      <input_file id="fl-fc">
         <path>C:\ti\ccs910\ccs\tools\compiler\ti-cgt-arm_18.12.2.LTS\lib\</path>
         <kind>archive</kind>
         <file>rtsv7M4_T_le_v4SPD16_eabi.lib</file>
         <name>s_copysign.c.obj</name>
      </input_file>
      <input_file id="fl-fd">
         <path>C:\ti\ccs910\ccs\tools\compiler\ti-cgt-arm_18.12.2.LTS\lib\</path>
         <kind>archive</kind>
         <file>rtsv7M4_T_le_v4SPD16_eabi.lib</file>
         <name>fclose.c.obj</name>
      </input_file>
      <input_file id="fl-fe">
         <path>C:\ti\ccs910\ccs\tools\compiler\ti-cgt-arm_18.12.2.LTS\lib\</path>
         <kind>archive</kind>
         <file>rtsv7M4_T_le_v4SPD16_eabi.lib</file>
         <name>fflush.c.obj</name>
      </input_file>
      <input_file id="fl-ff">
         <path>C:\ti\ccs910\ccs\tools\compiler\ti-cgt-arm_18.12.2.LTS\lib\</path>
         <kind>archive</kind>
         <file>rtsv7M4_T_le_v4SPD16_eabi.lib</file>
         <name>fseek.c.obj</name>
      </input_file>
      <input_file id="fl-100">
         <path>C:\ti\ccs910\ccs\tools\compiler\ti-cgt-arm_18.12.2.LTS\lib\</path>
         <kind>archive</kind>
         <file>rtsv7M4_T_le_v4SPD16_eabi.lib</file>
         <name>getdevice.c.obj</name>
      </input_file>
      <input_file id="fl-101">
         <path>C:\ti\ccs910\ccs\tools\compiler\ti-cgt-arm_18.12.2.LTS\lib\</path>
         <kind>archive</kind>
         <file>rtsv7M4_T_le_v4SPD16_eabi.lib</file>
         <name>div0.asm.obj</name>
      </input_file>
      <input_file id="fl-102">
         <path>C:\ti\ccs910\ccs\tools\compiler\ti-cgt-arm_18.12.2.LTS\lib\</path>
         <kind>archive</kind>
         <file>rtsv7M4_T_le_v4SPD16_eabi.lib</file>
         <name>autoinit.c.obj</name>
      </input_file>
      <input_file id="fl-103">
         <path>C:\ti\ccs910\ccs\tools\compiler\ti-cgt-arm_18.12.2.LTS\lib\</path>
         <kind>archive</kind>
         <file>rtsv7M4_T_le_v4SPD16_eabi.lib</file>
         <name>pre_init.c.obj</name>
      </input_file>
      <input_file id="fl-104">
         <path>C:\ti\ccs910\ccs\tools\compiler\ti-cgt-arm_18.12.2.LTS\lib\</path>
         <kind>archive</kind>
         <file>rtsv7M4_T_le_v4SPD16_eabi.lib</file>
         <name>cpy_tbl.c.obj</name>
      </input_file>
      <input_file id="fl-105">
         <path>C:\ti\ccs910\ccs\tools\compiler\ti-cgt-arm_18.12.2.LTS\lib\</path>
         <kind>archive</kind>
         <file>rtsv7M4_T_le_v4SPD16_eabi.lib</file>
         <name>args_main.c.obj</name>
      </input_file>
      <input_file id="fl-106">
         <path>C:\ti\ccs910\ccs\tools\compiler\ti-cgt-arm_18.12.2.LTS\lib\</path>
         <kind>archive</kind>
         <file>rtsv7M4_T_le_v4SPD16_eabi.lib</file>
         <name>strcmp.c.obj</name>
      </input_file>
      <input_file id="fl-107">
         <path>C:\ti\ccs910\ccs\tools\compiler\ti-cgt-arm_18.12.2.LTS\lib\</path>
         <kind>archive</kind>
         <file>rtsv7M4_T_le_v4SPD16_eabi.lib</file>
         <name>strncpy.c.obj</name>
      </input_file>
      <input_file id="fl-108">
         <path>C:\ti\ccs910\ccs\tools\compiler\ti-cgt-arm_18.12.2.LTS\lib\</path>
         <kind>archive</kind>
         <file>rtsv7M4_T_le_v4SPD16_eabi.lib</file>
         <name>hostclose.c.obj</name>
      </input_file>
      <input_file id="fl-109">
         <path>C:\ti\ccs910\ccs\tools\compiler\ti-cgt-arm_18.12.2.LTS\lib\</path>
         <kind>archive</kind>
         <file>rtsv7M4_T_le_v4SPD16_eabi.lib</file>
         <name>hostlseek.c.obj</name>
      </input_file>
      <input_file id="fl-10a">
         <path>C:\ti\ccs910\ccs\tools\compiler\ti-cgt-arm_18.12.2.LTS\lib\</path>
         <kind>archive</kind>
         <file>rtsv7M4_T_le_v4SPD16_eabi.lib</file>
         <name>hostopen.c.obj</name>
      </input_file>
      <input_file id="fl-10b">
         <path>C:\ti\ccs910\ccs\tools\compiler\ti-cgt-arm_18.12.2.LTS\lib\</path>
         <kind>archive</kind>
         <file>rtsv7M4_T_le_v4SPD16_eabi.lib</file>
         <name>hostread.c.obj</name>
      </input_file>
      <input_file id="fl-10c">
         <path>C:\ti\ccs910\ccs\tools\compiler\ti-cgt-arm_18.12.2.LTS\lib\</path>
         <kind>archive</kind>
         <file>rtsv7M4_T_le_v4SPD16_eabi.lib</file>
         <name>hostrename.c.obj</name>
      </input_file>
      <input_file id="fl-10d">
         <path>C:\ti\ccs910\ccs\tools\compiler\ti-cgt-arm_18.12.2.LTS\lib\</path>
         <kind>archive</kind>
         <file>rtsv7M4_T_le_v4SPD16_eabi.lib</file>
         <name>hostunlink.c.obj</name>
      </input_file>
      <input_file id="fl-10e">
         <path>C:\ti\ccs910\ccs\tools\compiler\ti-cgt-arm_18.12.2.LTS\lib\</path>
         <kind>archive</kind>
         <file>rtsv7M4_T_le_v4SPD16_eabi.lib</file>
         <name>hostwrite.c.obj</name>
      </input_file>
      <input_file id="fl-10f">
         <path>C:\ti\ccs910\ccs\tools\compiler\ti-cgt-arm_18.12.2.LTS\lib\</path>
         <kind>archive</kind>
         <file>rtsv7M4_T_le_v4SPD16_eabi.lib</file>
         <name>trgmsg.c.obj</name>
      </input_file>
      <input_file id="fl-110">
         <path>C:\ti\ccs910\ccs\tools\compiler\ti-cgt-arm_18.12.2.LTS\lib\</path>
         <kind>archive</kind>
         <file>rtsv7M4_T_le_v4SPD16_eabi.lib</file>
         <name>remove.c.obj</name>
      </input_file>
      <input_file id="fl-111">
         <path>C:\ti\ccs910\ccs\tools\compiler\ti-cgt-arm_18.12.2.LTS\lib\</path>
         <kind>archive</kind>
         <file>rtsv7M4_T_le_v4SPD16_eabi.lib</file>
         <name>lseek.c.obj</name>
      </input_file>
      <input_file id="fl-112">
         <path>C:\ti\ccs910\ccs\tools\compiler\ti-cgt-arm_18.12.2.LTS\lib\</path>
         <kind>archive</kind>
         <file>rtsv7M4_T_le_v4SPD16_eabi.lib</file>
         <name>close.c.obj</name>
      </input_file>
      <input_file id="fl-113">
         <path>C:\ti\ccs910\ccs\tools\compiler\ti-cgt-arm_18.12.2.LTS\lib\</path>
         <kind>archive</kind>
         <file>rtsv7M4_T_le_v4SPD16_eabi.lib</file>
         <name>unlink.c.obj</name>
      </input_file>
   </input_file_list>
   <object_component_list>
      <object_component id="oc-23">
         <name>.intvecs:retain</name>
         <load_address>0x0</load_address>
         <run_address>0x0</run_address>
         <size>0xe4</size>
         <input_file_ref idref="fl-14"/>
      </object_component>
      <object_component id="oc-20b">
         <name>.text</name>
         <load_address>0xe4</load_address>
         <run_address>0xe4</run_address>
         <size>0x1db0</size>
         <input_file_ref idref="fl-8"/>
      </object_component>
      <object_component id="oc-115">
         <name>.text</name>
         <load_address>0x1e94</load_address>
         <run_address>0x1e94</run_address>
         <size>0xf40</size>
         <input_file_ref idref="fl-11"/>
      </object_component>
      <object_component id="oc-12d">
         <name>.text</name>
         <load_address>0x2dd4</load_address>
         <run_address>0x2dd4</run_address>
         <size>0xdf8</size>
         <input_file_ref idref="fl-19"/>
      </object_component>
      <object_component id="oc-10f">
         <name>.text</name>
         <load_address>0x3bcc</load_address>
         <run_address>0x3bcc</run_address>
         <size>0xc10</size>
         <input_file_ref idref="fl-e"/>
      </object_component>
      <object_component id="oc-1c4">
         <name>.text:__TI_printfi</name>
         <load_address>0x47dc</load_address>
         <run_address>0x47dc</run_address>
         <size>0xa4e</size>
         <input_file_ref idref="fl-d4"/>
      </object_component>
      <object_component id="oc-367">
         <name>.text:_nop</name>
         <load_address>0x522a</load_address>
         <run_address>0x522a</run_address>
         <size>0x2</size>
         <input_file_ref idref="fl-ea"/>
      </object_component>
      <object_component id="oc-9d">
         <name>.text</name>
         <load_address>0x522c</load_address>
         <run_address>0x522c</run_address>
         <size>0x9b4</size>
         <input_file_ref idref="fl-d"/>
      </object_component>
      <object_component id="oc-fd">
         <name>.text</name>
         <load_address>0x5be0</load_address>
         <run_address>0x5be0</run_address>
         <size>0x6e0</size>
         <input_file_ref idref="fl-4"/>
      </object_component>
      <object_component id="oc-103">
         <name>.text</name>
         <load_address>0x62c0</load_address>
         <run_address>0x62c0</run_address>
         <size>0x570</size>
         <input_file_ref idref="fl-7"/>
      </object_component>
      <object_component id="oc-af">
         <name>.text</name>
         <load_address>0x6830</load_address>
         <run_address>0x6830</run_address>
         <size>0x32c</size>
         <input_file_ref idref="fl-16"/>
      </object_component>
      <object_component id="oc-343">
         <name>.text:_pconv_a</name>
         <load_address>0x6b5c</load_address>
         <run_address>0x6b5c</run_address>
         <size>0x270</size>
         <input_file_ref idref="fl-d4"/>
      </object_component>
      <object_component id="oc-211">
         <name>.text</name>
         <load_address>0x6dcc</load_address>
         <run_address>0x6dcc</run_address>
         <size>0x21c</size>
         <input_file_ref idref="fl-13"/>
      </object_component>
      <object_component id="oc-b6">
         <name>.text</name>
         <load_address>0x6fe8</load_address>
         <run_address>0x6fe8</run_address>
         <size>0x1e0</size>
         <input_file_ref idref="fl-2"/>
      </object_component>
      <object_component id="oc-331">
         <name>.text:_pconv_g</name>
         <load_address>0x71c8</load_address>
         <run_address>0x71c8</run_address>
         <size>0x1d0</size>
         <input_file_ref idref="fl-d4"/>
      </object_component>
      <object_component id="oc-4c6">
         <name>.text</name>
         <load_address>0x7398</load_address>
         <run_address>0x7398</run_address>
         <size>0x1b6</size>
         <input_file_ref idref="fl-de"/>
      </object_component>
      <object_component id="oc-5cb">
         <name>.text</name>
         <load_address>0x754e</load_address>
         <run_address>0x754e</run_address>
         <size>0x2</size>
         <input_file_ref idref="fl-101"/>
      </object_component>
      <object_component id="oc-127">
         <name>.text</name>
         <load_address>0x7550</load_address>
         <run_address>0x7550</run_address>
         <size>0x19c</size>
         <input_file_ref idref="fl-10"/>
      </object_component>
      <object_component id="oc-133">
         <name>.text</name>
         <load_address>0x76ec</load_address>
         <run_address>0x76ec</run_address>
         <size>0x168</size>
         <input_file_ref idref="fl-f"/>
      </object_component>
      <object_component id="oc-33d">
         <name>.text:_pconv_e</name>
         <load_address>0x7854</load_address>
         <run_address>0x7854</run_address>
         <size>0x13c</size>
         <input_file_ref idref="fl-d4"/>
      </object_component>
      <object_component id="oc-4ac">
         <name>.text</name>
         <load_address>0x7990</load_address>
         <run_address>0x7990</run_address>
         <size>0x136</size>
         <input_file_ref idref="fl-e0"/>
      </object_component>
      <object_component id="oc-4d8">
         <name>.text:fcvt</name>
         <load_address>0x7ac8</load_address>
         <run_address>0x7ac8</run_address>
         <size>0x124</size>
         <input_file_ref idref="fl-d4"/>
      </object_component>
      <object_component id="oc-6d">
         <name>.text</name>
         <load_address>0x7bec</load_address>
         <run_address>0x7bec</run_address>
         <size>0x11c</size>
         <input_file_ref idref="fl-5"/>
      </object_component>
      <object_component id="oc-375">
         <name>.text:fputs</name>
         <load_address>0x7d08</load_address>
         <run_address>0x7d08</run_address>
         <size>0x114</size>
         <input_file_ref idref="fl-d7"/>
      </object_component>
      <object_component id="oc-4ec">
         <name>.text:scalbn</name>
         <load_address>0x7e1c</load_address>
         <run_address>0x7e1c</run_address>
         <size>0x110</size>
         <input_file_ref idref="fl-db"/>
      </object_component>
      <object_component id="oc-3b2">
         <name>.text:_openfile</name>
         <load_address>0x7f2c</load_address>
         <run_address>0x7f2c</run_address>
         <size>0x10c</size>
         <input_file_ref idref="fl-d5"/>
      </object_component>
      <object_component id="oc-4a7">
         <name>.text</name>
         <load_address>0x8038</load_address>
         <run_address>0x8038</run_address>
         <size>0xfc</size>
         <input_file_ref idref="fl-e1"/>
      </object_component>
      <object_component id="oc-f7">
         <name>.text</name>
         <load_address>0x8134</load_address>
         <run_address>0x8134</run_address>
         <size>0xf4</size>
         <input_file_ref idref="fl-3"/>
      </object_component>
      <object_component id="oc-59e">
         <name>.text:aligned_alloc</name>
         <load_address>0x8228</load_address>
         <run_address>0x8228</run_address>
         <size>0xf4</size>
         <input_file_ref idref="fl-f1"/>
      </object_component>
      <object_component id="oc-3c5">
         <name>.text:free</name>
         <load_address>0x831c</load_address>
         <run_address>0x831c</run_address>
         <size>0xe8</size>
         <input_file_ref idref="fl-f1"/>
      </object_component>
      <object_component id="oc-1fa">
         <name>.text:setvbuf</name>
         <load_address>0x8404</load_address>
         <run_address>0x8404</run_address>
         <size>0xdc</size>
         <input_file_ref idref="fl-d9"/>
      </object_component>
      <object_component id="oc-bc">
         <name>.text</name>
         <load_address>0x84e0</load_address>
         <run_address>0x84e0</run_address>
         <size>0xc0</size>
         <input_file_ref idref="fl-a"/>
      </object_component>
      <object_component id="oc-577">
         <name>.text:open</name>
         <load_address>0x85a0</load_address>
         <run_address>0x85a0</run_address>
         <size>0xbc</size>
         <input_file_ref idref="fl-f7"/>
      </object_component>
      <object_component id="oc-1e8">
         <name>.text:add_device</name>
         <load_address>0x865c</load_address>
         <run_address>0x865c</run_address>
         <size>0xb8</size>
         <input_file_ref idref="fl-f8"/>
      </object_component>
      <object_component id="oc-326">
         <name>.text:_ltostr</name>
         <load_address>0x8714</load_address>
         <run_address>0x8714</run_address>
         <size>0xb1</size>
         <input_file_ref idref="fl-d4"/>
      </object_component>
      <object_component id="oc-1ee">
         <name>.text:fopen</name>
         <load_address>0x87c8</load_address>
         <run_address>0x87c8</run_address>
         <size>0x9c</size>
         <input_file_ref idref="fl-d5"/>
      </object_component>
      <object_component id="oc-37">
         <name>.text</name>
         <load_address>0x8864</load_address>
         <run_address>0x8864</run_address>
         <size>0x9c</size>
         <input_file_ref idref="fl-e4"/>
      </object_component>
      <object_component id="oc-4a0">
         <name>.text</name>
         <load_address>0x8900</load_address>
         <run_address>0x8900</run_address>
         <size>0x96</size>
         <input_file_ref idref="fl-dc"/>
      </object_component>
      <object_component id="oc-37c">
         <name>.text:fputc</name>
         <load_address>0x8998</load_address>
         <run_address>0x8998</run_address>
         <size>0x8c</size>
         <input_file_ref idref="fl-d6"/>
      </object_component>
      <object_component id="oc-32c">
         <name>.text:__aeabi_cdcmple</name>
         <load_address>0x8a24</load_address>
         <run_address>0x8a24</run_address>
         <size>0x86</size>
         <input_file_ref idref="fl-df"/>
      </object_component>
      <object_component id="oc-4b1">
         <name>.text:__aeabi_cdrcmple</name>
         <load_address>0x8aaa</load_address>
         <run_address>0x8aaa</run_address>
         <size>0x86</size>
         <input_file_ref idref="fl-df"/>
      </object_component>
      <object_component id="oc-651">
         <name>.text:split</name>
         <load_address>0x8b30</load_address>
         <run_address>0x8b30</run_address>
         <size>0x7c</size>
         <input_file_ref idref="fl-f1"/>
      </object_component>
      <object_component id="oc-91">
         <name>.text</name>
         <load_address>0x8bac</load_address>
         <run_address>0x8bac</run_address>
         <size>0x7a</size>
         <input_file_ref idref="fl-dd"/>
      </object_component>
      <object_component id="oc-3be">
         <name>.text:__TI_closefile</name>
         <load_address>0x8c28</load_address>
         <run_address>0x8c28</run_address>
         <size>0x74</size>
         <input_file_ref idref="fl-fd"/>
      </object_component>
      <object_component id="oc-3f4">
         <name>.text</name>
         <load_address>0x8c9c</load_address>
         <run_address>0x8c9c</run_address>
         <size>0x70</size>
         <input_file_ref idref="fl-17"/>
      </object_component>
      <object_component id="oc-4d1">
         <name>.text:_mcpy</name>
         <load_address>0x8d0c</load_address>
         <run_address>0x8d0c</run_address>
         <size>0x6e</size>
         <input_file_ref idref="fl-d4"/>
      </object_component>
      <object_component id="oc-55b">
         <name>.text:HOSTlseek</name>
         <load_address>0x8d7c</load_address>
         <run_address>0x8d7c</run_address>
         <size>0x68</size>
         <input_file_ref idref="fl-109"/>
      </object_component>
      <object_component id="oc-567">
         <name>.text:HOSTrename</name>
         <load_address>0x8de4</load_address>
         <run_address>0x8de4</run_address>
         <size>0x68</size>
         <input_file_ref idref="fl-10c"/>
      </object_component>
      <object_component id="oc-14">
         <name>.text:decompress:lzss:__TI_decompress_lzss</name>
         <load_address>0x8e4c</load_address>
         <run_address>0x8e4c</run_address>
         <size>0x68</size>
         <input_file_ref idref="fl-e8"/>
      </object_component>
      <object_component id="oc-f1">
         <name>.text:printf</name>
         <load_address>0x8eb4</load_address>
         <run_address>0x8eb4</run_address>
         <size>0x68</size>
         <input_file_ref idref="fl-d3"/>
      </object_component>
      <object_component id="oc-4e6">
         <name>.text:frexp</name>
         <load_address>0x8f1c</load_address>
         <run_address>0x8f1c</run_address>
         <size>0x64</size>
         <input_file_ref idref="fl-da"/>
      </object_component>
      <object_component id="oc-600">
         <name>.text:fseek</name>
         <load_address>0x8f80</load_address>
         <run_address>0x8f80</run_address>
         <size>0x64</size>
         <input_file_ref idref="fl-ff"/>
      </object_component>
      <object_component id="oc-51d">
         <name>.text:__TI_wrt_ok</name>
         <load_address>0x8fe4</load_address>
         <run_address>0x8fe4</run_address>
         <size>0x62</size>
         <input_file_ref idref="fl-d8"/>
      </object_component>
      <object_component id="oc-543">
         <name>.text:HOSTopen</name>
         <load_address>0x9048</load_address>
         <run_address>0x9048</run_address>
         <size>0x60</size>
         <input_file_ref idref="fl-10a"/>
      </object_component>
      <object_component id="oc-582">
         <name>.text:close</name>
         <load_address>0x90a8</load_address>
         <run_address>0x90a8</run_address>
         <size>0x5c</size>
         <input_file_ref idref="fl-112"/>
      </object_component>
      <object_component id="oc-54f">
         <name>.text:HOSTread</name>
         <load_address>0x9104</load_address>
         <run_address>0x9104</run_address>
         <size>0x58</size>
         <input_file_ref idref="fl-10b"/>
      </object_component>
      <object_component id="oc-555">
         <name>.text:HOSTwrite</name>
         <load_address>0x915c</load_address>
         <run_address>0x915c</run_address>
         <size>0x58</size>
         <input_file_ref idref="fl-10e"/>
      </object_component>
      <object_component id="oc-337">
         <name>.text:_pconv_f</name>
         <load_address>0x91b4</load_address>
         <run_address>0x91b4</run_address>
         <size>0x56</size>
         <input_file_ref idref="fl-d4"/>
      </object_component>
      <object_component id="oc-4bb">
         <name>.text:ltoa</name>
         <load_address>0x920a</load_address>
         <run_address>0x920a</run_address>
         <size>0x54</size>
         <input_file_ref idref="fl-ee"/>
      </object_component>
      <object_component id="oc-4cb">
         <name>.text:_ecpy</name>
         <load_address>0x925e</load_address>
         <run_address>0x925e</run_address>
         <size>0x52</size>
         <input_file_ref idref="fl-d4"/>
      </object_component>
      <object_component id="oc-529">
         <name>.text:__TI_doflush</name>
         <load_address>0x92b0</load_address>
         <run_address>0x92b0</run_address>
         <size>0x4c</size>
         <input_file_ref idref="fl-fe"/>
      </object_component>
      <object_component id="oc-320">
         <name>.text:atoi</name>
         <load_address>0x92fc</load_address>
         <run_address>0x92fc</run_address>
         <size>0x4c</size>
         <input_file_ref idref="fl-eb"/>
      </object_component>
      <object_component id="oc-165">
         <name>.text:exit</name>
         <load_address>0x9348</load_address>
         <run_address>0x9348</run_address>
         <size>0x48</size>
         <input_file_ref idref="fl-e9"/>
      </object_component>
      <object_component id="oc-4b6">
         <name>.text</name>
         <load_address>0x9390</load_address>
         <run_address>0x9390</run_address>
         <size>0x48</size>
         <input_file_ref idref="fl-e2"/>
      </object_component>
      <object_component id="oc-549">
         <name>.text:HOSTclose</name>
         <load_address>0x93d8</load_address>
         <run_address>0x93d8</run_address>
         <size>0x44</size>
         <input_file_ref idref="fl-108"/>
      </object_component>
      <object_component id="oc-561">
         <name>.text:HOSTunlink</name>
         <load_address>0x941c</load_address>
         <run_address>0x941c</run_address>
         <size>0x44</size>
         <input_file_ref idref="fl-10d"/>
      </object_component>
      <object_component id="oc-16b">
         <name>.text:__TI_auto_init_nobinit_nopinit:__TI_auto_init_nobinit_nopinit</name>
         <load_address>0x9460</load_address>
         <run_address>0x9460</run_address>
         <size>0x44</size>
         <input_file_ref idref="fl-102"/>
      </object_component>
      <object_component id="oc-63d">
         <name>.text:getdevice</name>
         <load_address>0x94a4</load_address>
         <run_address>0x94a4</run_address>
         <size>0x44</size>
         <input_file_ref idref="fl-100"/>
      </object_component>
      <object_component id="oc-4de">
         <name>.text:_fcpy</name>
         <load_address>0x94e8</load_address>
         <run_address>0x94e8</run_address>
         <size>0x3e</size>
         <input_file_ref idref="fl-d4"/>
      </object_component>
      <object_component id="oc-61a">
         <name>.text:__TI_writemsg</name>
         <load_address>0x9528</load_address>
         <run_address>0x9528</run_address>
         <size>0x38</size>
         <input_file_ref idref="fl-10f"/>
      </object_component>
      <object_component id="oc-3a6">
         <name>.text:strncpy</name>
         <load_address>0x9560</load_address>
         <run_address>0x9560</run_address>
         <size>0x36</size>
         <input_file_ref idref="fl-107"/>
      </object_component>
      <object_component id="oc-3d1">
         <name>.text:__TI_cleanup</name>
         <load_address>0x9598</load_address>
         <run_address>0x9598</run_address>
         <size>0x34</size>
         <input_file_ref idref="fl-d5"/>
      </object_component>
      <object_component id="oc-620">
         <name>.text:__TI_readmsg</name>
         <load_address>0x95cc</load_address>
         <run_address>0x95cc</run_address>
         <size>0x34</size>
         <input_file_ref idref="fl-10f"/>
      </object_component>
      <object_component id="oc-55">
         <name>.text:_c_int00_noargs:_c_int00_noargs</name>
         <load_address>0x9600</load_address>
         <run_address>0x9600</run_address>
         <size>0x34</size>
         <input_file_ref idref="fl-f9"/>
      </object_component>
      <object_component id="oc-1f4">
         <name>.text:freopen</name>
         <load_address>0x9634</load_address>
         <run_address>0x9634</run_address>
         <size>0x34</size>
         <input_file_ref idref="fl-d5"/>
      </object_component>
      <object_component id="oc-3a0">
         <name>.text:finddevice</name>
         <load_address>0x9668</load_address>
         <run_address>0x9668</run_address>
         <size>0x30</size>
         <input_file_ref idref="fl-100"/>
      </object_component>
      <object_component id="oc-4c1">
         <name>.text</name>
         <load_address>0x9698</load_address>
         <run_address>0x9698</run_address>
         <size>0x2e</size>
         <input_file_ref idref="fl-e3"/>
      </object_component>
      <object_component id="oc-588">
         <name>.text:unlink</name>
         <load_address>0x96c8</load_address>
         <run_address>0x96c8</run_address>
         <size>0x2c</size>
         <input_file_ref idref="fl-113"/>
      </object_component>
      <object_component id="oc-597">
         <name>.text:free_list_insert</name>
         <load_address>0x96f4</load_address>
         <run_address>0x96f4</run_address>
         <size>0x28</size>
         <input_file_ref idref="fl-f1"/>
      </object_component>
      <object_component id="oc-66b">
         <name>.text:lseek</name>
         <load_address>0x971c</load_address>
         <run_address>0x971c</run_address>
         <size>0x28</size>
         <input_file_ref idref="fl-111"/>
      </object_component>
      <object_component id="oc-52f">
         <name>.text:write</name>
         <load_address>0x9744</load_address>
         <run_address>0x9744</run_address>
         <size>0x28</size>
         <input_file_ref idref="fl-f5"/>
      </object_component>
      <object_component id="oc-523">
         <name>.text:memchr</name>
         <load_address>0x976c</load_address>
         <run_address>0x976c</run_address>
         <size>0x20</size>
         <input_file_ref idref="fl-f0"/>
      </object_component>
      <object_component id="oc-591">
         <name>.text:free_list_remove</name>
         <load_address>0x978c</load_address>
         <run_address>0x978c</run_address>
         <size>0x1c</size>
         <input_file_ref idref="fl-f1"/>
      </object_component>
      <object_component id="oc-349">
         <name>.text:memccpy</name>
         <load_address>0x97a8</load_address>
         <run_address>0x97a8</run_address>
         <size>0x1c</size>
         <input_file_ref idref="fl-ef"/>
      </object_component>
      <object_component id="oc-5e4">
         <name>.text:copysign</name>
         <load_address>0x97c4</load_address>
         <run_address>0x97c4</run_address>
         <size>0x1a</size>
         <input_file_ref idref="fl-fc"/>
      </object_component>
      <object_component id="oc-539">
         <name>.text:strcmp</name>
         <load_address>0x97de</load_address>
         <run_address>0x97de</run_address>
         <size>0x18</size>
         <input_file_ref idref="fl-106"/>
      </object_component>
      <object_component id="oc-4f2">
         <name>.text:strchr</name>
         <load_address>0x97f6</load_address>
         <run_address>0x97f6</run_address>
         <size>0x16</size>
         <input_file_ref idref="fl-f2"/>
      </object_component>
      <object_component id="oc-11b">
         <name>.text:strcpy</name>
         <load_address>0x980c</load_address>
         <run_address>0x980c</run_address>
         <size>0x14</size>
         <input_file_ref idref="fl-f3"/>
      </object_component>
      <object_component id="oc-109">
         <name>.text:strlen</name>
         <load_address>0x9820</load_address>
         <run_address>0x9820</run_address>
         <size>0x14</size>
         <input_file_ref idref="fl-f4"/>
      </object_component>
      <object_component id="oc-34f">
         <name>.text:wcslen</name>
         <load_address>0x9834</load_address>
         <run_address>0x9834</run_address>
         <size>0x12</size>
         <input_file_ref idref="fl-fb"/>
      </object_component>
      <object_component id="oc-1a">
         <name>.text:decompress:none:__TI_decompress_none</name>
         <load_address>0x9846</load_address>
         <run_address>0x9846</run_address>
         <size>0xe</size>
         <input_file_ref idref="fl-e7"/>
      </object_component>
      <object_component id="oc-67">
         <name>.text</name>
         <load_address>0x9854</load_address>
         <run_address>0x9854</run_address>
         <size>0xe</size>
         <input_file_ref idref="fl-14"/>
      </object_component>
      <object_component id="oc-49">
         <name>.text:decompress:ZI:__TI_zero_init</name>
         <load_address>0x9862</load_address>
         <run_address>0x9862</run_address>
         <size>0xc</size>
         <input_file_ref idref="fl-e6"/>
      </object_component>
      <object_component id="oc-355">
         <name>.text:__aeabi_errno_addr</name>
         <load_address>0x9870</load_address>
         <run_address>0x9870</run_address>
         <size>0x8</size>
         <input_file_ref idref="fl-fa"/>
      </object_component>
      <object_component id="oc-3cb">
         <name>.text:malloc</name>
         <load_address>0x9878</load_address>
         <run_address>0x9878</run_address>
         <size>0x8</size>
         <input_file_ref idref="fl-f1"/>
      </object_component>
      <object_component id="oc-1d6">
         <name>.text:_outc</name>
         <load_address>0x9880</load_address>
         <run_address>0x9880</run_address>
         <size>0x4</size>
         <input_file_ref idref="fl-d3"/>
      </object_component>
      <object_component id="oc-1d0">
         <name>.text:_outs</name>
         <load_address>0x9884</load_address>
         <run_address>0x9884</run_address>
         <size>0x4</size>
         <input_file_ref idref="fl-d3"/>
      </object_component>
      <object_component id="oc-97">
         <name>.text:_system_pre_init</name>
         <load_address>0x9888</load_address>
         <run_address>0x9888</run_address>
         <size>0x4</size>
         <input_file_ref idref="fl-103"/>
      </object_component>
      <object_component id="oc-15f">
         <name>.text:abort:abort</name>
         <load_address>0x988c</load_address>
         <run_address>0x988c</run_address>
         <size>0x4</size>
         <input_file_ref idref="fl-e9"/>
      </object_component>
      <object_component id="oc-49b">
         <name>.const:.string:_ctypes_</name>
         <load_address>0x9890</load_address>
         <run_address>0x9890</run_address>
         <size>0x101</size>
         <input_file_ref idref="fl-ec"/>
      </object_component>
      <object_component id="oc-3e5">
         <name>.const:OpcodeTranslateTable</name>
         <load_address>0x9992</load_address>
         <run_address>0x9992</run_address>
         <size>0x3c</size>
         <input_file_ref idref="fl-8"/>
      </object_component>
      <object_component id="oc-3f1">
         <name>.const:_SlActionLookupTable</name>
         <load_address>0x99d0</load_address>
         <run_address>0x99d0</run_address>
         <size>0x38</size>
         <input_file_ref idref="fl-8"/>
      </object_component>
      <object_component id="oc-139">
         <name>.const:$P$T0$1</name>
         <load_address>0x9a08</load_address>
         <run_address>0x9a08</run_address>
         <size>0x2c</size>
         <input_file_ref idref="fl-d"/>
      </object_component>
      <object_component id="oc-3e8">
         <name>.const:RxMsgClassLUT</name>
         <load_address>0x9a34</load_address>
         <run_address>0x9a34</run_address>
         <size>0x20</size>
         <input_file_ref idref="fl-8"/>
      </object_component>
      <object_component id="oc-3eb">
         <name>.const:$P$T0$1</name>
         <load_address>0x9a54</load_address>
         <run_address>0x9a54</run_address>
         <size>0x14</size>
         <input_file_ref idref="fl-8"/>
      </object_component>
      <object_component id="oc-2a6">
         <name>.const:$P$T0$1</name>
         <load_address>0x9a68</load_address>
         <run_address>0x9a68</run_address>
         <size>0x14</size>
         <input_file_ref idref="fl-10"/>
      </object_component>
      <object_component id="oc-13c">
         <name>.const:$P$T1$2</name>
         <load_address>0x9a7c</load_address>
         <run_address>0x9a7c</run_address>
         <size>0x14</size>
         <input_file_ref idref="fl-d"/>
      </object_component>
      <object_component id="oc-26c">
         <name>.const:.string:_SlPayloadByProtocolLUT</name>
         <load_address>0x9a90</load_address>
         <run_address>0x9a90</run_address>
         <size>0x10</size>
         <input_file_ref idref="fl-11"/>
      </object_component>
      <object_component id="oc-142">
         <name>.const:$P$T2$3</name>
         <load_address>0x9aa0</load_address>
         <run_address>0x9aa0</run_address>
         <size>0xc</size>
         <input_file_ref idref="fl-d"/>
      </object_component>
      <object_component id="oc-217">
         <name>.const:StartResponseLUT</name>
         <load_address>0x9aac</load_address>
         <run_address>0x9aac</run_address>
         <size>0x8</size>
         <input_file_ref idref="fl-7"/>
      </object_component>
      <object_component id="oc-3ee">
         <name>.const:g_H2NCnysPattern</name>
         <load_address>0x9ab4</load_address>
         <run_address>0x9ab4</run_address>
         <size>0x8</size>
         <input_file_ref idref="fl-8"/>
      </object_component>
      <object_component id="oc-3e2">
         <name>.const:g_H2NSyncPattern</name>
         <load_address>0x9abc</load_address>
         <run_address>0x9abc</run_address>
         <size>0x8</size>
         <input_file_ref idref="fl-8"/>
      </object_component>
      <object_component id="oc-259">
         <name>.const:$P$T0$1</name>
         <load_address>0x9ac4</load_address>
         <run_address>0x9ac4</run_address>
         <size>0x4</size>
         <input_file_ref idref="fl-e"/>
      </object_component>
      <object_component id="oc-275">
         <name>.const:$P$T0$1</name>
         <load_address>0x9ac8</load_address>
         <run_address>0x9ac8</run_address>
         <size>0x4</size>
         <input_file_ref idref="fl-11"/>
      </object_component>
      <object_component id="oc-2ae">
         <name>.const:$P$T0$1</name>
         <load_address>0x9acc</load_address>
         <run_address>0x9acc</run_address>
         <size>0x4</size>
         <input_file_ref idref="fl-19"/>
      </object_component>
      <object_component id="oc-278">
         <name>.const:$P$T1$2</name>
         <load_address>0x9ad0</load_address>
         <run_address>0x9ad0</run_address>
         <size>0x4</size>
         <input_file_ref idref="fl-11"/>
      </object_component>
      <object_component id="oc-2b7">
         <name>.const:$P$T1$2</name>
         <load_address>0x9ad4</load_address>
         <run_address>0x9ad4</run_address>
         <size>0x4</size>
         <input_file_ref idref="fl-19"/>
      </object_component>
      <object_component id="oc-27e">
         <name>.const:$P$T2$3</name>
         <load_address>0x9ad8</load_address>
         <run_address>0x9ad8</run_address>
         <size>0x4</size>
         <input_file_ref idref="fl-11"/>
      </object_component>
      <object_component id="oc-2cc">
         <name>.const:$P$T2$3</name>
         <load_address>0x9adc</load_address>
         <run_address>0x9adc</run_address>
         <size>0x4</size>
         <input_file_ref idref="fl-19"/>
      </object_component>
      <object_component id="oc-287">
         <name>.const:_SlAcceptCmdCtrl</name>
         <load_address>0x9ae0</load_address>
         <run_address>0x9ae0</run_address>
         <size>0x4</size>
         <input_file_ref idref="fl-11"/>
      </object_component>
      <object_component id="oc-229">
         <name>.const:_SlDeviceGetCmdCtrl</name>
         <load_address>0x9ae4</load_address>
         <run_address>0x9ae4</run_address>
         <size>0x4</size>
         <input_file_ref idref="fl-7"/>
      </object_component>
      <object_component id="oc-22c">
         <name>.const:_SlDeviceSetCmdCtrl</name>
         <load_address>0x9ae8</load_address>
         <run_address>0x9ae8</run_address>
         <size>0x4</size>
         <input_file_ref idref="fl-7"/>
      </object_component>
      <object_component id="oc-226">
         <name>.const:_SlEventMaskGetCmdCtrl</name>
         <load_address>0x9aec</load_address>
         <run_address>0x9aec</run_address>
         <size>0x4</size>
         <input_file_ref idref="fl-7"/>
      </object_component>
      <object_component id="oc-223">
         <name>.const:_SlEventMaskSetCmdCtrl</name>
         <load_address>0x9af0</load_address>
         <run_address>0x9af0</run_address>
         <size>0x4</size>
         <input_file_ref idref="fl-7"/>
      </object_component>
      <object_component id="oc-256">
         <name>.const:_SlGetHostByNameCtrl</name>
         <load_address>0x9af4</load_address>
         <run_address>0x9af4</run_address>
         <size>0x4</size>
         <input_file_ref idref="fl-e"/>
      </object_component>
      <object_component id="oc-253">
         <name>.const:_SlGetHostByServiceCtrl</name>
         <load_address>0x9af8</load_address>
         <run_address>0x9af8</run_address>
         <size>0x4</size>
         <input_file_ref idref="fl-e"/>
      </object_component>
      <object_component id="oc-24d">
         <name>.const:_SlGetServiceListeCtrl</name>
         <load_address>0x9afc</load_address>
         <run_address>0x9afc</run_address>
         <size>0x4</size>
         <input_file_ref idref="fl-e"/>
      </object_component>
      <object_component id="oc-290">
         <name>.const:_SlGetSockOptCmdCtrl</name>
         <load_address>0x9b00</load_address>
         <run_address>0x9b00</run_address>
         <size>0x4</size>
         <input_file_ref idref="fl-11"/>
      </object_component>
      <object_component id="oc-284">
         <name>.const:_SlListenCmdCtrl</name>
         <load_address>0x9b04</load_address>
         <run_address>0x9b04</run_address>
         <size>0x4</size>
         <input_file_ref idref="fl-11"/>
      </object_component>
      <object_component id="oc-262">
         <name>.const:_SlNetAppGetCmdCtrl</name>
         <load_address>0x9b08</load_address>
         <run_address>0x9b08</run_address>
         <size>0x4</size>
         <input_file_ref idref="fl-e"/>
      </object_component>
      <object_component id="oc-25f">
         <name>.const:_SlNetAppSendTokenValueCmdCtrl</name>
         <load_address>0x9b0c</load_address>
         <run_address>0x9b0c</run_address>
         <size>0x4</size>
         <input_file_ref idref="fl-e"/>
      </object_component>
      <object_component id="oc-25c">
         <name>.const:_SlNetAppSetCmdCtrl</name>
         <load_address>0x9b10</load_address>
         <run_address>0x9b10</run_address>
         <size>0x4</size>
         <input_file_ref idref="fl-e"/>
      </object_component>
      <object_component id="oc-247">
         <name>.const:_SlNetAppStartCtrl</name>
         <load_address>0x9b14</load_address>
         <run_address>0x9b14</run_address>
         <size>0x4</size>
         <input_file_ref idref="fl-e"/>
      </object_component>
      <object_component id="oc-24a">
         <name>.const:_SlNetAppStopCtrl</name>
         <load_address>0x9b18</load_address>
         <run_address>0x9b18</run_address>
         <size>0x4</size>
         <input_file_ref idref="fl-e"/>
      </object_component>
      <object_component id="oc-2e5">
         <name>.const:_SlNetCfgGetCmdCtrl</name>
         <load_address>0x9b1c</load_address>
         <run_address>0x9b1c</run_address>
         <size>0x4</size>
         <input_file_ref idref="fl-f"/>
      </object_component>
      <object_component id="oc-2e2">
         <name>.const:_SlNetCfgSetCmdCtrl</name>
         <load_address>0x9b20</load_address>
         <run_address>0x9b20</run_address>
         <size>0x4</size>
         <input_file_ref idref="fl-f"/>
      </object_component>
      <object_component id="oc-2b4">
         <name>.const:_SlPolicyGetCmdCtrl</name>
         <load_address>0x9b24</load_address>
         <run_address>0x9b24</run_address>
         <size>0x4</size>
         <input_file_ref idref="fl-19"/>
      </object_component>
      <object_component id="oc-2b1">
         <name>.const:_SlPolicySetCmdCtrl</name>
         <load_address>0x9b28</load_address>
         <run_address>0x9b28</run_address>
         <size>0x4</size>
         <input_file_ref idref="fl-19"/>
      </object_component>
      <object_component id="oc-2bd">
         <name>.const:_SlProfileDelCmdCtrl</name>
         <load_address>0x9b2c</load_address>
         <run_address>0x9b2c</run_address>
         <size>0x4</size>
         <input_file_ref idref="fl-19"/>
      </object_component>
      <object_component id="oc-2ba">
         <name>.const:_SlProfileGetCmdCtrl</name>
         <load_address>0x9b30</load_address>
         <run_address>0x9b30</run_address>
         <size>0x4</size>
         <input_file_ref idref="fl-19"/>
      </object_component>
      <object_component id="oc-28a">
         <name>.const:_SlRecvCmdCtrl</name>
         <load_address>0x9b34</load_address>
         <run_address>0x9b34</run_address>
         <size>0x4</size>
         <input_file_ref idref="fl-11"/>
      </object_component>
      <object_component id="oc-27b">
         <name>.const:_SlRecvfomCmdCtrl</name>
         <load_address>0x9b38</load_address>
         <run_address>0x9b38</run_address>
         <size>0x4</size>
         <input_file_ref idref="fl-11"/>
      </object_component>
      <object_component id="oc-250">
         <name>.const:_SlRegisterServiceCtrl</name>
         <load_address>0x9b3c</load_address>
         <run_address>0x9b3c</run_address>
         <size>0x4</size>
         <input_file_ref idref="fl-e"/>
      </object_component>
      <object_component id="oc-2c3">
         <name>.const:_SlRxFilterAddtCmdCtrl</name>
         <load_address>0x9b40</load_address>
         <run_address>0x9b40</run_address>
         <size>0x4</size>
         <input_file_ref idref="fl-19"/>
      </object_component>
      <object_component id="oc-2c9">
         <name>.const:_SlRxFilterGetCmdCtrl</name>
         <load_address>0x9b44</load_address>
         <run_address>0x9b44</run_address>
         <size>0x4</size>
         <input_file_ref idref="fl-19"/>
      </object_component>
      <object_component id="oc-2c6">
         <name>.const:_SlRxFilterSetCmdCtrl</name>
         <load_address>0x9b48</load_address>
         <run_address>0x9b48</run_address>
         <size>0x4</size>
         <input_file_ref idref="fl-19"/>
      </object_component>
      <object_component id="oc-293">
         <name>.const:_SlSelectCmdCtrl</name>
         <load_address>0x9b4c</load_address>
         <run_address>0x9b4c</run_address>
         <size>0x4</size>
         <input_file_ref idref="fl-11"/>
      </object_component>
      <object_component id="oc-281">
         <name>.const:_SlSendCmdCtrl</name>
         <load_address>0x9b50</load_address>
         <run_address>0x9b50</run_address>
         <size>0x4</size>
         <input_file_ref idref="fl-11"/>
      </object_component>
      <object_component id="oc-28d">
         <name>.const:_SlSetSockOptCmdCtrl</name>
         <load_address>0x9b54</load_address>
         <run_address>0x9b54</run_address>
         <size>0x4</size>
         <input_file_ref idref="fl-11"/>
      </object_component>
      <object_component id="oc-2cf">
         <name>.const:_SlSmartConfigStartCmdCtrl</name>
         <load_address>0x9b58</load_address>
         <run_address>0x9b58</run_address>
         <size>0x4</size>
         <input_file_ref idref="fl-19"/>
      </object_component>
      <object_component id="oc-272">
         <name>.const:_SlSockCloseCmdCtrl</name>
         <load_address>0x9b5c</load_address>
         <run_address>0x9b5c</run_address>
         <size>0x4</size>
         <input_file_ref idref="fl-11"/>
      </object_component>
      <object_component id="oc-26f">
         <name>.const:_SlSockSocketCmdCtrl</name>
         <load_address>0x9b60</load_address>
         <run_address>0x9b60</run_address>
         <size>0x4</size>
         <input_file_ref idref="fl-11"/>
      </object_component>
      <object_component id="oc-220">
         <name>.const:_SlStopCmdCtrl</name>
         <load_address>0x9b64</load_address>
         <run_address>0x9b64</run_address>
         <size>0x4</size>
         <input_file_ref idref="fl-7"/>
      </object_component>
      <object_component id="oc-2d8">
         <name>.const:_SlWlanCfgGetCmdCtrl</name>
         <load_address>0x9b68</load_address>
         <run_address>0x9b68</run_address>
         <size>0x4</size>
         <input_file_ref idref="fl-19"/>
      </object_component>
      <object_component id="oc-2d5">
         <name>.const:_SlWlanCfgSetCmdCtrl</name>
         <load_address>0x9b6c</load_address>
         <run_address>0x9b6c</run_address>
         <size>0x4</size>
         <input_file_ref idref="fl-19"/>
      </object_component>
      <object_component id="oc-2c0">
         <name>.const:_SlWlanGetNetworkListCtrl</name>
         <load_address>0x9b70</load_address>
         <run_address>0x9b70</run_address>
         <size>0x4</size>
         <input_file_ref idref="fl-19"/>
      </object_component>
      <object_component id="oc-2d2">
         <name>.const:_SlWlanSetModeCmdCtrl</name>
         <load_address>0x9b74</load_address>
         <run_address>0x9b74</run_address>
         <size>0x4</size>
         <input_file_ref idref="fl-19"/>
      </object_component>
      <object_component id="oc-6d4">
         <name>.cinit..data.load</name>
         <load_address>0x9b78</load_address>
         <run_address>0x9b78</run_address>
         <size>0x77</size>
      </object_component>
      <object_component id="oc-6d2">
         <name>__TI_handler_table</name>
         <load_address>0x9bf0</load_address>
         <run_address>0x9bf0</run_address>
         <size>0xc</size>
      </object_component>
      <object_component id="oc-6d5">
         <name>.cinit..bss.load</name>
         <load_address>0x9c00</load_address>
         <run_address>0x9c00</run_address>
         <size>0x8</size>
      </object_component>
      <object_component id="oc-6d3">
         <name>__TI_cinit_table</name>
         <load_address>0x9c08</load_address>
         <run_address>0x9c08</run_address>
         <size>0x10</size>
      </object_component>
      <object_component id="oc-6a7">
         <name>.binit</name>
         <load_address>0x0</load_address>
         <run_address>0x0</run_address>
         <size>0x0</size>
      </object_component>
      <object_component id="oc-1a1">
         <name>.data</name>
         <load_address>0x20000f3c</load_address>
         <run_address>0x20000f3c</run_address>
         <size>0x18</size>
         <input_file_ref idref="fl-2"/>
      </object_component>
      <object_component id="oc-c2">
         <name>.data</name>
         <load_address>0x20000f90</load_address>
         <run_address>0x20000f90</run_address>
         <size>0x4</size>
         <input_file_ref idref="fl-5"/>
      </object_component>
      <object_component id="oc-21a">
         <name>.data</name>
         <load_address>0x20000f64</load_address>
         <run_address>0x20000f64</run_address>
         <size>0xd</size>
         <input_file_ref idref="fl-8"/>
      </object_component>
      <object_component id="oc-13f">
         <name>.data</name>
         <load_address>0x20000f94</load_address>
         <run_address>0x20000f94</run_address>
         <size>0x4</size>
         <input_file_ref idref="fl-d"/>
      </object_component>
      <object_component id="oc-2a9">
         <name>.data:g__SlNonOsCB</name>
         <load_address>0x20000f00</load_address>
         <run_address>0x20000f00</run_address>
         <size>0x3c</size>
         <input_file_ref idref="fl-10"/>
      </object_component>
      <object_component id="oc-19d">
         <name>.data</name>
         <load_address>0x20000fa8</load_address>
         <run_address>0x20000fa8</run_address>
         <size>0x4</size>
         <input_file_ref idref="fl-16"/>
      </object_component>
      <object_component id="oc-3b8">
         <name>.data</name>
         <load_address>0x20000fa0</load_address>
         <run_address>0x20000fa0</run_address>
         <size>0x4</size>
         <input_file_ref idref="fl-d5"/>
      </object_component>
      <object_component id="oc-2f8">
         <name>.data:$O1$$</name>
         <load_address>0x20000f74</load_address>
         <run_address>0x20000f74</run_address>
         <size>0xc</size>
         <input_file_ref idref="fl-e9"/>
      </object_component>
      <object_component id="oc-1ca">
         <name>.data:$O1$$</name>
         <load_address>0x20000f80</load_address>
         <run_address>0x20000f80</run_address>
         <size>0x8</size>
         <input_file_ref idref="fl-ea"/>
      </object_component>
      <object_component id="oc-1cd">
         <name>.data:_ftable</name>
         <load_address>0x20000d48</load_address>
         <run_address>0x20000d48</run_address>
         <size>0xf0</size>
         <input_file_ref idref="fl-ed"/>
      </object_component>
      <object_component id="oc-3b9">
         <name>.data</name>
         <load_address>0x20000f54</load_address>
         <run_address>0x20000f54</run_address>
         <size>0x10</size>
         <input_file_ref idref="fl-ed"/>
      </object_component>
      <object_component id="oc-64c">
         <name>.data:$O1$$</name>
         <load_address>0x20000f88</load_address>
         <run_address>0x20000f88</run_address>
         <size>0x8</size>
         <input_file_ref idref="fl-f1"/>
      </object_component>
      <object_component id="oc-3ad">
         <name>.data:_device</name>
         <load_address>0x20000e38</load_address>
         <run_address>0x20000e38</run_address>
         <size>0x78</size>
         <input_file_ref idref="fl-f6"/>
      </object_component>
      <object_component id="oc-60b">
         <name>.data:_stream</name>
         <load_address>0x20000eb0</load_address>
         <run_address>0x20000eb0</run_address>
         <size>0x50</size>
         <input_file_ref idref="fl-f6"/>
      </object_component>
      <object_component id="oc-643">
         <name>.data</name>
         <load_address>0x20000fa4</load_address>
         <run_address>0x20000fa4</run_address>
         <size>0x4</size>
         <input_file_ref idref="fl-f7"/>
      </object_component>
      <object_component id="oc-3ac">
         <name>.data</name>
         <load_address>0x20000f98</load_address>
         <run_address>0x20000f98</run_address>
         <size>0x4</size>
         <input_file_ref idref="fl-f8"/>
      </object_component>
      <object_component id="oc-502">
         <name>.data</name>
         <load_address>0x20000f9c</load_address>
         <run_address>0x20000f9c</run_address>
         <size>0x4</size>
         <input_file_ref idref="fl-fa"/>
      </object_component>
      <object_component id="oc-3de">
         <name>.bss:g_StatMem</name>
         <uninitialized>true</uninitialized>
         <run_address>0x20000600</run_address>
         <size>0x168</size>
         <input_file_ref idref="fl-8"/>
      </object_component>
      <object_component id="oc-67d">
         <name>.bss:_CIOBUF_</name>
         <uninitialized>true</uninitialized>
         <run_address>0x20000768</run_address>
         <size>0x120</size>
         <input_file_ref idref="fl-10f"/>
      </object_component>
      <object_component id="oc-1e7">
         <name>.common:Messageindexb</name>
         <uninitialized>true</uninitialized>
         <run_address>0x2000093c</run_address>
         <size>0x4</size>
      </object_component>
      <object_component id="oc-1e4">
         <name>.common:Messageb</name>
         <uninitialized>true</uninitialized>
         <run_address>0x20000928</run_address>
         <size>0x8</size>
      </object_component>
      <object_component id="oc-c5">
         <name>.common:IntIsMasked</name>
         <uninitialized>true</uninitialized>
         <run_address>0x20000944</run_address>
         <size>0x1</size>
      </object_component>
      <object_component id="oc-3e1">
         <name>.common:RxIrqCnt</name>
         <uninitialized>true</uninitialized>
         <run_address>0x20000945</run_address>
         <size>0x1</size>
      </object_component>
      <object_component id="oc-21d">
         <name>.common:g_bDeviceRestartIsRequired</name>
         <uninitialized>true</uninitialized>
         <run_address>0x20000946</run_address>
         <size>0x1</size>
      </object_component>
      <object_component id="oc-126">
         <name>.common:Recvbuff</name>
         <uninitialized>true</uninitialized>
         <run_address>0x20000000</run_address>
         <size>0x400</size>
      </object_component>
      <object_component id="oc-125">
         <name>.common:SendBuff</name>
         <uninitialized>true</uninitialized>
         <run_address>0x20000400</run_address>
         <size>0x200</size>
      </object_component>
      <object_component id="oc-121">
         <name>.common:DestinationIP</name>
         <uninitialized>true</uninitialized>
         <run_address>0x20000938</run_address>
         <size>0x4</size>
      </object_component>
      <object_component id="oc-124">
         <name>.common:SockID</name>
         <uninitialized>true</uninitialized>
         <run_address>0x20000940</run_address>
         <size>0x4</size>
      </object_component>
      <object_component id="oc-58e">
         <name>.common:__TI_tmpnams</name>
         <uninitialized>true</uninitialized>
         <run_address>0x20000888</run_address>
         <size>0xa0</size>
      </object_component>
      <object_component id="oc-626">
         <name>.common:parmbuf</name>
         <uninitialized>true</uninitialized>
         <run_address>0x20000930</run_address>
         <size>0x8</size>
      </object_component>
      <object_component id="oc-26">
         <name>.sysmem</name>
         <uninitialized>true</uninitialized>
         <run_address>0x20000948</run_address>
         <size>0x10</size>
         <input_file_ref idref="fl-f1"/>
      </object_component>
      <object_component id="oc-6d7">
         <name>.sysmem</name>
         <uninitialized>true</uninitialized>
         <run_address>0x20000948</run_address>
         <size>0x0</size>
      </object_component>
      <object_component id="oc-29">
         <name>.stack</name>
         <uninitialized>true</uninitialized>
         <run_address>0x2000fe00</run_address>
         <size>0x4</size>
         <input_file_ref idref="fl-f9"/>
      </object_component>
      <object_component id="oc-6d6">
         <name>.stack</name>
         <uninitialized>true</uninitialized>
         <run_address>0x2000fe00</run_address>
         <size>0x0</size>
      </object_component>
      <object_component id="oc-1c3">
         <name>.debug_info</name>
         <load_address>0x0</load_address>
         <run_address>0x0</run_address>
         <size>0x5ab</size>
         <input_file_ref idref="fl-2"/>
      </object_component>
      <object_component id="oc-1a2">
         <name>.debug_info</name>
         <load_address>0x5ab</load_address>
         <run_address>0x5ab</run_address>
         <size>0x207</size>
         <input_file_ref idref="fl-2"/>
      </object_component>
      <object_component id="oc-b7">
         <name>.debug_info</name>
         <load_address>0x7b2</load_address>
         <run_address>0x7b2</run_address>
         <size>0x637</size>
         <input_file_ref idref="fl-2"/>
      </object_component>
      <object_component id="oc-31b">
         <name>.debug_info</name>
         <load_address>0xde9</load_address>
         <run_address>0xde9</run_address>
         <size>0x37e2</size>
         <input_file_ref idref="fl-2"/>
      </object_component>
      <object_component id="oc-d0">
         <name>.debug_info</name>
         <load_address>0x45cb</load_address>
         <run_address>0x45cb</run_address>
         <size>0x26b</size>
         <input_file_ref idref="fl-2"/>
      </object_component>
      <object_component id="oc-1b9">
         <name>.debug_info</name>
         <load_address>0x4836</load_address>
         <run_address>0x4836</run_address>
         <size>0x1055</size>
         <input_file_ref idref="fl-2"/>
      </object_component>
      <object_component id="oc-32">
         <name>.debug_info</name>
         <load_address>0x588b</load_address>
         <run_address>0x588b</run_address>
         <size>0x84</size>
         <input_file_ref idref="fl-2"/>
      </object_component>
      <object_component id="oc-1be">
         <name>.debug_info</name>
         <load_address>0x590f</load_address>
         <run_address>0x590f</run_address>
         <size>0x297</size>
         <input_file_ref idref="fl-2"/>
      </object_component>
      <object_component id="oc-146">
         <name>.debug_info</name>
         <load_address>0x5ba6</load_address>
         <run_address>0x5ba6</run_address>
         <size>0xbb</size>
         <input_file_ref idref="fl-2"/>
      </object_component>
      <object_component id="oc-318">
         <name>.debug_info</name>
         <load_address>0x5c61</load_address>
         <run_address>0x5c61</run_address>
         <size>0x5af</size>
         <input_file_ref idref="fl-3"/>
      </object_component>
      <object_component id="oc-f8">
         <name>.debug_info</name>
         <load_address>0x6210</load_address>
         <run_address>0x6210</run_address>
         <size>0x561</size>
         <input_file_ref idref="fl-3"/>
      </object_component>
      <object_component id="oc-1aa">
         <name>.debug_info</name>
         <load_address>0x6771</load_address>
         <run_address>0x6771</run_address>
         <size>0x37e2</size>
         <input_file_ref idref="fl-3"/>
      </object_component>
      <object_component id="oc-1e5">
         <name>.debug_info</name>
         <load_address>0x9f53</load_address>
         <run_address>0x9f53</run_address>
         <size>0x79d</size>
         <input_file_ref idref="fl-4"/>
      </object_component>
      <object_component id="oc-fe">
         <name>.debug_info</name>
         <load_address>0xa6f0</load_address>
         <run_address>0xa6f0</run_address>
         <size>0x1c84</size>
         <input_file_ref idref="fl-4"/>
      </object_component>
      <object_component id="oc-38c">
         <name>.debug_info</name>
         <load_address>0xc374</load_address>
         <run_address>0xc374</run_address>
         <size>0x37e2</size>
         <input_file_ref idref="fl-4"/>
      </object_component>
      <object_component id="oc-396">
         <name>.debug_info</name>
         <load_address>0xfb56</load_address>
         <run_address>0xfb56</run_address>
         <size>0x26b</size>
         <input_file_ref idref="fl-4"/>
      </object_component>
      <object_component id="oc-391">
         <name>.debug_info</name>
         <load_address>0xfdc1</load_address>
         <run_address>0xfdc1</run_address>
         <size>0x1055</size>
         <input_file_ref idref="fl-4"/>
      </object_component>
      <object_component id="oc-201">
         <name>.debug_info</name>
         <load_address>0x10e16</load_address>
         <run_address>0x10e16</run_address>
         <size>0xbb</size>
         <input_file_ref idref="fl-4"/>
      </object_component>
      <object_component id="oc-39b">
         <name>.debug_info</name>
         <load_address>0x10ed1</load_address>
         <run_address>0x10ed1</run_address>
         <size>0xcc</size>
         <input_file_ref idref="fl-4"/>
      </object_component>
      <object_component id="oc-206">
         <name>.debug_info</name>
         <load_address>0x10f9d</load_address>
         <run_address>0x10f9d</run_address>
         <size>0x2c</size>
         <input_file_ref idref="fl-4"/>
      </object_component>
      <object_component id="oc-1de">
         <name>.debug_info</name>
         <load_address>0x10fc9</load_address>
         <run_address>0x10fc9</run_address>
         <size>0x2c</size>
         <input_file_ref idref="fl-4"/>
      </object_component>
      <object_component id="oc-c6">
         <name>.debug_info</name>
         <load_address>0x10ff5</load_address>
         <run_address>0x10ff5</run_address>
         <size>0x8da</size>
         <input_file_ref idref="fl-5"/>
      </object_component>
      <object_component id="oc-c3">
         <name>.debug_info</name>
         <load_address>0x118cf</load_address>
         <run_address>0x118cf</run_address>
         <size>0x17c</size>
         <input_file_ref idref="fl-5"/>
      </object_component>
      <object_component id="oc-6e">
         <name>.debug_info</name>
         <load_address>0x11a4b</load_address>
         <run_address>0x11a4b</run_address>
         <size>0xec0</size>
         <input_file_ref idref="fl-5"/>
      </object_component>
      <object_component id="oc-150">
         <name>.debug_info</name>
         <load_address>0x1290b</load_address>
         <run_address>0x1290b</run_address>
         <size>0x46a</size>
         <input_file_ref idref="fl-5"/>
      </object_component>
      <object_component id="oc-c9">
         <name>.debug_info</name>
         <load_address>0x12d75</load_address>
         <run_address>0x12d75</run_address>
         <size>0x55</size>
         <input_file_ref idref="fl-5"/>
      </object_component>
      <object_component id="oc-236">
         <name>.debug_info</name>
         <load_address>0x12dca</load_address>
         <run_address>0x12dca</run_address>
         <size>0x92</size>
         <input_file_ref idref="fl-5"/>
      </object_component>
      <object_component id="oc-14b">
[...]
         <value>0x8bad</value>
         <object_component_ref idref="oc-91"/>
      </symbol>
      <symbol id="sm-cc7">
         <name>__aeabi_memclr4</name>
         <value>0x8bad</value>
         <object_component_ref idref="oc-91"/>
      </symbol>
      <symbol id="sm-cc8">
         <name>__aeabi_memclr</name>
         <value>0x8bad</value>
         <object_component_ref idref="oc-91"/>
      </symbol>
      <symbol id="sm-cdf">
         <name>__aeabi_dsub</name>
         <value>0x7399</value>
         <object_component_ref idref="oc-4c6"/>
      </symbol>
      <symbol id="sm-ce0">
         <name>__aeabi_dadd</name>
         <value>0x73a3</value>
         <object_component_ref idref="oc-4c6"/>
      </symbol>
      <symbol id="sm-d02">
         <name>__aeabi_cdcmpeq</name>
         <value>0x8a25</value>
         <object_component_ref idref="oc-32c"/>
      </symbol>
      <symbol id="sm-d03">
         <name>__aeabi_cdcmple</name>
         <value>0x8a25</value>
         <object_component_ref idref="oc-32c"/>
      </symbol>
      <symbol id="sm-d04">
         <name>__aeabi_cdrcmple</name>
         <value>0x8aab</value>
         <object_component_ref idref="oc-4b1"/>
      </symbol>
      <symbol id="sm-d18">
         <name>__aeabi_ddiv</name>
         <value>0x7991</value>
         <object_component_ref idref="oc-4ac"/>
      </symbol>
      <symbol id="sm-d23">
         <name>__aeabi_dmul</name>
         <value>0x8039</value>
         <object_component_ref idref="oc-4a7"/>
      </symbol>
      <symbol id="sm-d2d">
         <name>__aeabi_d2iz</name>
         <value>0x9391</value>
         <object_component_ref idref="oc-4b6"/>
      </symbol>
      <symbol id="sm-d37">
         <name>__aeabi_i2d</name>
         <value>0x9699</value>
         <object_component_ref idref="oc-4c1"/>
      </symbol>
      <symbol id="sm-d52">
         <name>memcpy</name>
         <value>0x8865</value>
         <object_component_ref idref="oc-37"/>
      </symbol>
      <symbol id="sm-d53">
         <name>__aeabi_memcpy</name>
         <value>0x8865</value>
         <object_component_ref idref="oc-37"/>
      </symbol>
      <symbol id="sm-d54">
         <name>__aeabi_memcpy8</name>
         <value>0x8865</value>
         <object_component_ref idref="oc-37"/>
      </symbol>
      <symbol id="sm-d55">
         <name>__aeabi_memcpy4</name>
         <value>0x8865</value>
         <object_component_ref idref="oc-37"/>
      </symbol>
      <symbol id="sm-d68">
         <name>__TI_zero_init</name>
         <value>0x9863</value>
         <object_component_ref idref="oc-49"/>
      </symbol>
      <symbol id="sm-d7f">
         <name>__TI_decompress_none</name>
         <value>0x9847</value>
         <object_component_ref idref="oc-1a"/>
      </symbol>
      <symbol id="sm-da2">
         <name>__TI_decompress_lzss</name>
         <value>0x8e4d</value>
         <object_component_ref idref="oc-14"/>
      </symbol>
      <symbol id="sm-dc8">
         <name>C$$EXIT</name>
         <value>0x988d</value>
         <object_component_ref idref="oc-15f"/>
      </symbol>
      <symbol id="sm-dc9">
         <name>abort</name>
         <value>0x988d</value>
         <object_component_ref idref="oc-15f"/>
      </symbol>
      <symbol id="sm-dca">
         <name>__TI_dtors_ptr</name>
         <value>0x20000f78</value>
         <object_component_ref idref="oc-2f8"/>
      </symbol>
      <symbol id="sm-dcb">
         <name>__TI_cleanup_ptr</name>
         <value>0x20000f74</value>
         <object_component_ref idref="oc-2f8"/>
      </symbol>
      <symbol id="sm-dcc">
         <name>__TI_enable_exit_profile_output</name>
         <value>0x20000f7c</value>
         <object_component_ref idref="oc-2f8"/>
      </symbol>
      <symbol id="sm-dcd">
         <name>exit</name>
         <value>0x9349</value>
         <object_component_ref idref="oc-165"/>
      </symbol>
      <symbol id="sm-de2">
         <name>_nop</name>
         <value>0x522b</value>
         <object_component_ref idref="oc-367"/>
      </symbol>
      <symbol id="sm-de3">
         <name>_lock</name>
         <value>0x20000f80</value>
         <object_component_ref idref="oc-1ca"/>
      </symbol>
      <symbol id="sm-de4">
         <name>_unlock</name>
         <value>0x20000f84</value>
         <object_component_ref idref="oc-1ca"/>
      </symbol>
      <symbol id="sm-dfa">
         <name>atoi</name>
         <value>0x92fd</value>
         <object_component_ref idref="oc-320"/>
      </symbol>
      <symbol id="sm-e05">
         <name>_ctypes_</name>
         <value>0x9890</value>
         <object_component_ref idref="oc-49b"/>
      </symbol>
      <symbol id="sm-e1a">
         <name>__TI_tmpnams</name>
         <value>0x20000888</value>
      </symbol>
      <symbol id="sm-e1b">
         <name>__aeabi_stdout</name>
         <value>0x20000f5c</value>
         <object_component_ref idref="oc-3b9"/>
      </symbol>
      <symbol id="sm-e1c">
         <name>__aeabi_stderr</name>
         <value>0x20000f60</value>
         <object_component_ref idref="oc-3b9"/>
      </symbol>
      <symbol id="sm-e1d">
         <name>__aeabi_stdin</name>
         <value>0x20000f58</value>
         <object_component_ref idref="oc-3b9"/>
      </symbol>
      <symbol id="sm-e1e">
         <name>_ftable</name>
         <value>0x20000d48</value>
         <object_component_ref idref="oc-1cd"/>
      </symbol>
      <symbol id="sm-e1f">
         <name>__TI_ft_end</name>
         <value>0x20000f54</value>
         <object_component_ref idref="oc-3b9"/>
      </symbol>
      <symbol id="sm-e2e">
         <name>ltoa</name>
         <value>0x920b</value>
         <object_component_ref idref="oc-4bb"/>
      </symbol>
      <symbol id="sm-e3e">
         <name>memccpy</name>
         <value>0x97a9</value>
         <object_component_ref idref="oc-349"/>
      </symbol>
      <symbol id="sm-e4e">
         <name>memchr</name>
         <value>0x976d</value>
         <object_component_ref idref="oc-523"/>
      </symbol>
      <symbol id="sm-ed0">
         <name>_sys_memory</name>
         <value>0x20000948</value>
         <object_component_ref idref="oc-26"/>
      </symbol>
      <symbol id="sm-ed1">
         <name>free</name>
         <value>0x831d</value>
         <object_component_ref idref="oc-3c5"/>
      </symbol>
      <symbol id="sm-ed2">
         <name>memalign</name>
         <value>0x8229</value>
         <object_component_ref idref="oc-59e"/>
      </symbol>
      <symbol id="sm-ed3">
         <name>malloc</name>
         <value>0x9879</value>
         <object_component_ref idref="oc-3cb"/>
      </symbol>
      <symbol id="sm-ed4">
         <name>aligned_alloc</name>
         <value>0x8229</value>
         <object_component_ref idref="oc-59e"/>
      </symbol>
      <symbol id="sm-ee4">
         <name>strchr</name>
         <value>0x97f7</value>
         <object_component_ref idref="oc-4f2"/>
      </symbol>
      <symbol id="sm-ef2">
         <name>strcpy</name>
         <value>0x980d</value>
         <object_component_ref idref="oc-11b"/>
      </symbol>
      <symbol id="sm-f00">
         <name>strlen</name>
         <value>0x9821</value>
         <object_component_ref idref="oc-109"/>
      </symbol>
      <symbol id="sm-f15">
         <name>write</name>
         <value>0x9745</value>
         <object_component_ref idref="oc-52f"/>
      </symbol>
      <symbol id="sm-f26">
         <name>_stream</name>
         <value>0x20000eb0</value>
         <object_component_ref idref="oc-60b"/>
      </symbol>
      <symbol id="sm-f27">
         <name>_device</name>
         <value>0x20000e38</value>
         <object_component_ref idref="oc-3ad"/>
      </symbol>
      <symbol id="sm-f44">
         <name>open</name>
         <value>0x85a1</value>
         <object_component_ref idref="oc-577"/>
      </symbol>
      <symbol id="sm-f64">
         <name>add_device</name>
         <value>0x865d</value>
         <object_component_ref idref="oc-1e8"/>
      </symbol>
      <symbol id="sm-f77">
         <name>__stack</name>
         <value>0x2000fe00</value>
         <object_component_ref idref="oc-29"/>
      </symbol>
      <symbol id="sm-f78">
         <name>_c_int00_noargs</name>
         <value>0x9601</value>
         <object_component_ref idref="oc-55"/>
      </symbol>
      <symbol id="sm-f8e">
         <name>__aeabi_errno_addr</name>
         <value>0x9871</value>
         <object_component_ref idref="oc-355"/>
      </symbol>
      <symbol id="sm-f8f">
         <name>errno</name>
         <value>0x20000f9c</value>
         <object_component_ref idref="oc-502"/>
      </symbol>
      <symbol id="sm-fa8">
         <name>wcslen</name>
         <value>0x9835</value>
         <object_component_ref idref="oc-34f"/>
      </symbol>
      <symbol id="sm-fb2">
         <name>copysign</name>
         <value>0x97c5</value>
         <object_component_ref idref="oc-5e4"/>
      </symbol>
      <symbol id="sm-fb3">
         <name>copysignl</name>
         <value>0x97c5</value>
         <object_component_ref idref="oc-5e4"/>
      </symbol>
      <symbol id="sm-fc8">
         <name>__TI_closefile</name>
         <value>0x8c29</value>
         <object_component_ref idref="oc-3be"/>
      </symbol>
      <symbol id="sm-fd8">
         <name>__TI_doflush</name>
         <value>0x92b1</value>
         <object_component_ref idref="oc-529"/>
      </symbol>
      <symbol id="sm-fea">
         <name>fseek</name>
         <value>0x8f81</value>
         <object_component_ref idref="oc-600"/>
      </symbol>
      <symbol id="sm-1008">
         <name>finddevice</name>
         <value>0x9669</value>
         <object_component_ref idref="oc-3a0"/>
      </symbol>
      <symbol id="sm-1009">
         <name>getdevice</name>
         <value>0x94a5</value>
         <object_component_ref idref="oc-63d"/>
      </symbol>
      <symbol id="sm-1013">
         <name>__aeabi_idiv0</name>
         <value>0x754f</value>
         <object_component_ref idref="oc-5cb"/>
      </symbol>
      <symbol id="sm-1014">
         <name>__aeabi_ldiv0</name>
         <value>0x754f</value>
         <object_component_ref idref="oc-5cb"/>
      </symbol>
      <symbol id="sm-103c">
         <name>__TI_auto_init_nobinit_nopinit</name>
         <value>0x9461</value>
         <object_component_ref idref="oc-16b"/>
      </symbol>
      <symbol id="sm-1046">
         <name>_system_pre_init</name>
         <value>0x9889</value>
         <object_component_ref idref="oc-97"/>
      </symbol>
      <symbol id="sm-1057">
         <name>strcmp</name>
         <value>0x97df</value>
         <object_component_ref idref="oc-539"/>
      </symbol>
      <symbol id="sm-1067">
         <name>strncpy</name>
         <value>0x9561</value>
         <object_component_ref idref="oc-3a6"/>
      </symbol>
      <symbol id="sm-1078">
         <name>HOSTclose</name>
         <value>0x93d9</value>
         <object_component_ref idref="oc-549"/>
      </symbol>
      <symbol id="sm-1089">
         <name>HOSTlseek</name>
         <value>0x8d7d</value>
         <object_component_ref idref="oc-55b"/>
      </symbol>
      <symbol id="sm-109b">
         <name>parmbuf</name>
         <value>0x20000930</value>
      </symbol>
      <symbol id="sm-109c">
         <name>HOSTopen</name>
         <value>0x9049</value>
         <object_component_ref idref="oc-543"/>
      </symbol>
      <symbol id="sm-10ad">
         <name>HOSTread</name>
         <value>0x9105</value>
         <object_component_ref idref="oc-54f"/>
      </symbol>
      <symbol id="sm-10be">
         <name>HOSTrename</name>
         <value>0x8de5</value>
         <object_component_ref idref="oc-567"/>
      </symbol>
      <symbol id="sm-10cf">
         <name>HOSTunlink</name>
         <value>0x941d</value>
         <object_component_ref idref="oc-561"/>
      </symbol>
      <symbol id="sm-10e0">
         <name>HOSTwrite</name>
         <value>0x915d</value>
         <object_component_ref idref="oc-555"/>
      </symbol>
      <symbol id="sm-1104">
         <name>__TI_readmsg</name>
         <value>0x95cd</value>
         <object_component_ref idref="oc-620"/>
      </symbol>
      <symbol id="sm-1105">
         <name>C$$IO$$</name>
         <value>0x9557</value>
         <object_component_ref idref="oc-61a"/>
      </symbol>
      <symbol id="sm-1106">
         <name>__CIOBUF_</name>
         <value>0x20000768</value>
         <object_component_ref idref="oc-67d"/>
      </symbol>
      <symbol id="sm-1107">
         <name>__TI_writemsg</name>
         <value>0x9529</value>
         <object_component_ref idref="oc-61a"/>
      </symbol>
      <symbol id="sm-1118">
         <name>lseek</name>
         <value>0x971d</value>
         <object_component_ref idref="oc-66b"/>
      </symbol>
      <symbol id="sm-112c">
         <name>close</name>
         <value>0x90a9</value>
         <object_component_ref idref="oc-582"/>
      </symbol>
      <symbol id="sm-113c">
         <name>unlink</name>
         <value>0x96c9</value>
         <object_component_ref idref="oc-588"/>
      </symbol>
      <symbol id="sm-113d">
         <name>__TI_static_base__</name>
         <value>0x0</value>
      </symbol>
      <symbol id="sm-1140">
         <name>__mpu_init</name>
         <value>0x0</value>
      </symbol>
      <symbol id="sm-1141">
         <name>_system_post_cinit</name>
         <value>0x0</value>
      </symbol>
      <symbol id="sm-1142">
         <name>NMI_Handler</name>
         <value>0x9861</value>
      </symbol>
      <symbol id="sm-1143">
         <name>HardFault_Handler</name>
         <value>0x9861</value>
      </symbol>
      <symbol id="sm-1144">
         <name>MemManage_Handler</name>
         <value>0x9861</value>
      </symbol>
      <symbol id="sm-1145">
         <name>BusFault_Handler</name>
         <value>0x9861</value>
      </symbol>
      <symbol id="sm-1146">
         <name>UsageFault_Handler</name>
         <value>0x9861</value>
      </symbol>
      <symbol id="sm-1147">
         <name>SVC_Handler</name>
         <value>0x9861</value>
      </symbol>
      <symbol id="sm-1148">
         <name>DebugMon_Handler</name>
         <value>0x9861</value>
      </symbol>
      <symbol id="sm-1149">
         <name>PendSV_Handler</name>
         <value>0x9861</value>
      </symbol>
      <symbol id="sm-114a">
         <name>SysTick_Handler</name>
         <value>0x9861</value>
      </symbol>
      <symbol id="sm-114b">
         <name>PSS_IRQHandler</name>
         <value>0x9861</value>
      </symbol>
      <symbol id="sm-114c">
         <name>CS_IRQHandler</name>
         <value>0x9861</value>
      </symbol>
      <symbol id="sm-114d">
         <name>PCM_IRQHandler</name>
         <value>0x9861</value>
      </symbol>
      <symbol id="sm-114e">
         <name>WDT_A_IRQHandler</name>
         <value>0x9861</value>
      </symbol>
      <symbol id="sm-114f">
         <name>FPU_IRQHandler</name>
         <value>0x9861</value>
      </symbol>
      <symbol id="sm-1150">
         <name>FLCTL_IRQHandler</name>
         <value>0x9861</value>
      </symbol>
      <symbol id="sm-1151">
         <name>COMP_E0_IRQHandler</name>
         <value>0x9861</value>
      </symbol>
      <symbol id="sm-1152">
         <name>COMP_E1_IRQHandler</name>
         <value>0x9861</value>
      </symbol>
      <symbol id="sm-1153">
         <name>TA0_0_IRQHandler</name>
         <value>0x9861</value>
      </symbol>
      <symbol id="sm-1154">
         <name>TA0_N_IRQHandler</name>
         <value>0x9861</value>
      </symbol>
      <symbol id="sm-1155">
         <name>TA1_0_IRQHandler</name>
         <value>0x9861</value>
      </symbol>
      <symbol id="sm-1156">
         <name>TA1_N_IRQHandler</name>
         <value>0x9861</value>
      </symbol>
      <symbol id="sm-1157">
         <name>TA2_0_IRQHandler</name>
         <value>0x9861</value>
      </symbol>
      <symbol id="sm-1158">
         <name>TA2_N_IRQHandler</name>
         <value>0x9861</value>
      </symbol>
      <symbol id="sm-1159">
         <name>TA3_0_IRQHandler</name>
         <value>0x9861</value>
      </symbol>
      <symbol id="sm-115a">
         <name>TA3_N_IRQHandler</name>
         <value>0x9861</value>
      </symbol>
      <symbol id="sm-115b">
         <name>EUSCIA0_IRQHandler</name>
         <value>0x9861</value>
      </symbol>
      <symbol id="sm-115c">
         <name>EUSCIA1_IRQHandler</name>
         <value>0x9861</value>
      </symbol>
      <symbol id="sm-115d">
         <name>EUSCIA2_IRQHandler</name>
         <value>0x9861</value>
      </symbol>
      <symbol id="sm-115e">
         <name>EUSCIA3_IRQHandler</name>
         <value>0x9861</value>
      </symbol>
      <symbol id="sm-115f">
         <name>EUSCIB0_IRQHandler</name>
         <value>0x9861</value>
      </symbol>
      <symbol id="sm-1160">
         <name>EUSCIB1_IRQHandler</name>
         <value>0x9861</value>
      </symbol>
      <symbol id="sm-1161">
         <name>EUSCIB2_IRQHandler</name>
         <value>0x9861</value>
      </symbol>
      <symbol id="sm-1162">
         <name>EUSCIB3_IRQHandler</name>
         <value>0x9861</value>
      </symbol>
      <symbol id="sm-1163">
         <name>ADC14_IRQHandler</name>
         <value>0x9861</value>
      </symbol>
      <symbol id="sm-1164">
         <name>T32_INT1_IRQHandler</name>
         <value>0x9861</value>
      </symbol>
      <symbol id="sm-1165">
         <name>T32_INT2_IRQHandler</name>
         <value>0x9861</value>
      </symbol>
      <symbol id="sm-1166">
         <name>T32_INTC_IRQHandler</name>
         <value>0x9861</value>
      </symbol>
      <symbol id="sm-1167">
         <name>AES256_IRQHandler</name>
         <value>0x9861</value>
      </symbol>
      <symbol id="sm-1168">
         <name>RTC_C_IRQHandler</name>
         <value>0x9861</value>
      </symbol>
      <symbol id="sm-1169">
         <name>DMA_ERR_IRQHandler</name>
         <value>0x9861</value>
      </symbol>
      <symbol id="sm-116a">
         <name>DMA_INT3_IRQHandler</name>
         <value>0x9861</value>
      </symbol>
      <symbol id="sm-116b">
         <name>DMA_INT2_IRQHandler</name>
         <value>0x9861</value>
      </symbol>
      <symbol id="sm-116c">
         <name>DMA_INT1_IRQHandler</name>
         <value>0x9861</value>
      </symbol>
      <symbol id="sm-116d">
         <name>DMA_INT0_IRQHandler</name>
         <value>0x9861</value>
      </symbol>
      <symbol id="sm-116e">
         <name>PORT1_IRQHandler</name>
         <value>0x9861</value>
      </symbol>
      <symbol id="sm-116f">
         <name>PORT2_IRQHandler</name>
         <value>0x7c85</value>
      </symbol>
      <symbol id="sm-1170">
         <name>PORT3_IRQHandler</name>
         <value>0x9861</value>
      </symbol>
      <symbol id="sm-1171">
         <name>PORT4_IRQHandler</name>
         <value>0x9861</value>
      </symbol>
      <symbol id="sm-1172">
         <name>PORT5_IRQHandler</name>
         <value>0x9861</value>
      </symbol>
      <symbol id="sm-1173">
         <name>PORT6_IRQHandler</name>
         <value>0x9861</value>
      </symbol>
      <symbol id="sm-1174">
         <name>remove</name>
         <value>0x96c9</value>
      </symbol>
   </symbol_table>
   <title>Link successful</title>
</link_info>
