******************************************************************************
                  TI ARM Linker PC v18.12.2                    
******************************************************************************
>> Linked Tue Nov 10 12:10:25 2020

OUTPUT FILE NAME:   <CC3100_GetWeather.out>
ENTRY POINT SYMBOL: "_c_int00_noargs"  address: 00009601


MEMORY CONFIGURATION

         name            origin    length      used     unused   attr    fill
----------------------  --------  ---------  --------  --------  ----  --------
  MAIN                  00000000   00040000  00009c18  000363e8  R  X
  INFO                  00200000   00004000  00000000  00004000  R  X
  SRAM_CODE             01000000   00010000  000011ab  0000ee55  RW X
  SRAM_DATA             20000000   00010000  000011ab  0000ee55  RW  


SEGMENT ALLOCATION MAP

run origin  load origin   length   init length attrs members
----------  ----------- ---------- ----------- ----- -------
00000000    00000000    00009c18   00009c18    r-x
  00000000    00000000    000000e4   000000e4    r-- .intvecs
  000000e4    000000e4    000097ac   000097ac    r-x .text
  00009890    00009890    000002e8   000002e8    r-- .const
  00009b78    00009b78    000000a0   000000a0    r-- .cinit
20000000    20000000    00000fac   00000000    rw-
  20000000    20000000    00000947   00000000    rw- .bss
  20000948    20000948    00000400   00000000    rw- .sysmem
  20000d48    20000d48    00000264   00000000    rw- .data
2000fe00    2000fe00    00000200   00000000    rw-
  2000fe00    2000fe00    00000200   00000000    rw- .stack


SECTION ALLOCATION MAP

 output                                  attributes/
section   page    origin      length       input sections
--------  ----  ----------  ----------   ----------------
.intvecs   0    00000000    000000e4     
                  00000000    000000e4     startup_msp432p401r_ccs.obj (.intvecs:retain)

.text      0    000000e4    000097ac     
                  000000e4    00001db0     driver.obj (.text)
                  00001e94    00000f40     socket.obj (.text)
                  00002dd4    00000df8     wlan.obj (.text)
                  00003bcc    00000c10     netapp.obj (.text)
                  000047dc    00000a4e     rtsv7M4_T_le_v4SPD16_eabi.lib : _printfi.c.obj (.text:__TI_printfi)
                  0000522a    00000002                                   : _lock.c.obj (.text:_nop)
                  0000522c    000009b4     main.obj (.text)
                  00005be0    000006e0     UART0.obj (.text)
                  000062c0    00000570     device.obj (.text)
                  00006830    0000032c     system_msp432p401r.obj (.text)
                  00006b5c    00000270     rtsv7M4_T_le_v4SPD16_eabi.lib : _printfi.c.obj (.text:_pconv_a)
                  00006dcc    0000021c     spi.obj (.text)
                  00006fe8    000001e0     Clock.obj (.text)
                  000071c8    000001d0     rtsv7M4_T_le_v4SPD16_eabi.lib : _printfi.c.obj (.text:_pconv_g)
                  00007398    000001b6                                   : fd_add_t2.asm.obj (.text)
                  0000754e    00000002                                   : div0.asm.obj (.text)
                  00007550    0000019c     nonos.obj (.text)
                  000076ec    00000168     netcfg.obj (.text)
                  00007854    0000013c     rtsv7M4_T_le_v4SPD16_eabi.lib : _printfi.c.obj (.text:_pconv_e)
                  00007990    00000136                                   : fd_div_t2.asm.obj (.text)
                  00007ac6    00000002     --HOLE-- [fill = 0]
                  00007ac8    00000124                                   : _printfi.c.obj (.text:fcvt)
                  00007bec    0000011c     board.obj (.text)
                  00007d08    00000114     rtsv7M4_T_le_v4SPD16_eabi.lib : fputs.c.obj (.text:fputs)
                  00007e1c    00000110                                   : s_scalbn.c.obj (.text:scalbn)
                  00007f2c    0000010c                                   : fopen.c.obj (.text:_openfile)
                  00008038    000000fc                                   : fd_mul_t2.asm.obj (.text)
                  00008134    000000f4     LaunchPad.obj (.text)
                  00008228    000000f4     rtsv7M4_T_le_v4SPD16_eabi.lib : memory.c.obj (.text:aligned_alloc)
                  0000831c    000000e8                                   : memory.c.obj (.text:free)
                  00008404    000000dc                                   : setvbuf.c.obj (.text:setvbuf)
                  000084e0    000000c0     fpu.obj (.text)
                  000085a0    000000bc     rtsv7M4_T_le_v4SPD16_eabi.lib : open.c.obj (.text:open)
                  0000865c    000000b8                                   : add_device.c.obj (.text:add_device)
                  00008714    000000b1                                   : _printfi.c.obj (.text:_ltostr)
                  000087c5    00000003     --HOLE-- [fill = 0]
                  000087c8    0000009c                                   : fopen.c.obj (.text:fopen)
                  00008864    0000009c                                   : memcpy_t2.asm.obj (.text)
                  00008900    00000096                                   : ull_div_t2.asm.obj (.text)
                  00008996    00000002     --HOLE-- [fill = 0]
                  00008998    0000008c                                   : fputc.c.obj (.text:fputc)
                  00008a24    00000086                                   : fd_cmp_t2.asm.obj (.text:__aeabi_cdcmple)
                  00008aaa    00000086                                   : fd_cmp_t2.asm.obj (.text:__aeabi_cdrcmple)
                  00008b30    0000007c                                   : memory.c.obj (.text:split)
                  00008bac    0000007a                                   : memset_t2.asm.obj (.text)
                  00008c26    00000002     --HOLE-- [fill = 0]
                  00008c28    00000074                                   : fclose.c.obj (.text:__TI_closefile)
                  00008c9c    00000070     timer_tick.obj (.text)
                  00008d0c    0000006e     rtsv7M4_T_le_v4SPD16_eabi.lib : _printfi.c.obj (.text:_mcpy)
                  00008d7a    00000002     --HOLE-- [fill = 0]
                  00008d7c    00000068                                   : hostlseek.c.obj (.text:HOSTlseek)
                  00008de4    00000068                                   : hostrename.c.obj (.text:HOSTrename)
                  00008e4c    00000068                                   : copy_decompress_lzss.c.obj (.text:decompress:lzss:__TI_decompress_lzss)
                  00008eb4    00000068                                   : printf.c.obj (.text:printf)
                  00008f1c    00000064                                   : s_frexp.c.obj (.text:frexp)
                  00008f80    00000064                                   : fseek.c.obj (.text:fseek)
                  00008fe4    00000062                                   : _io_perm.c.obj (.text:__TI_wrt_ok)
                  00009046    00000002     --HOLE-- [fill = 0]
                  00009048    00000060                                   : hostopen.c.obj (.text:HOSTopen)
                  000090a8    0000005c                                   : close.c.obj (.text:close)
                  00009104    00000058                                   : hostread.c.obj (.text:HOSTread)
                  0000915c    00000058                                   : hostwrite.c.obj (.text:HOSTwrite)
                  000091b4    00000056                                   : _printfi.c.obj (.text:_pconv_f)
                  0000920a    00000054                                   : ltoa.c.obj (.text:ltoa)
                  0000925e    00000052                                   : _printfi.c.obj (.text:_ecpy)
                  000092b0    0000004c                                   : fflush.c.obj (.text:__TI_doflush)
                  000092fc    0000004c                                   : atoi.c.obj (.text:atoi)
                  00009348    00000048                                   : exit.c.obj (.text:exit)
                  00009390    00000048                                   : fd_toi_t2.asm.obj (.text)
                  000093d8    00000044                                   : hostclose.c.obj (.text:HOSTclose)
                  0000941c    00000044                                   : hostunlink.c.obj (.text:HOSTunlink)
                  00009460    00000044                                   : autoinit.c.obj (.text:__TI_auto_init_nobinit_nopinit:__TI_auto_init_nobinit_nopinit)
                  000094a4    00000044                                   : getdevice.c.obj (.text:getdevice)
                  000094e8    0000003e                                   : _printfi.c.obj (.text:_fcpy)
                  00009526    00000002     --HOLE-- [fill = 0]
                  00009528    00000038                                   : trgmsg.c.obj (.text:__TI_writemsg)
                  00009560    00000036                                   : strncpy.c.obj (.text:strncpy)
                  00009596    00000002     --HOLE-- [fill = 0]
                  00009598    00000034                                   : fopen.c.obj (.text:__TI_cleanup)
                  000095cc    00000034                                   : trgmsg.c.obj (.text:__TI_readmsg)
                  00009600    00000034                                   : boot_cortex_m.c.obj (.text:_c_int00_noargs:_c_int00_noargs)
                  00009634    00000034                                   : fopen.c.obj (.text:freopen)
                  00009668    00000030                                   : getdevice.c.obj (.text:finddevice)
                  00009698    0000002e                                   : i_tofd_t2.asm.obj (.text)
                  000096c6    00000002     --HOLE-- [fill = 0]
                  000096c8    0000002c                                   : unlink.c.obj (.text:unlink)
                  000096f4    00000028                                   : memory.c.obj (.text:free_list_insert)
                  0000971c    00000028                                   : lseek.c.obj (.text:lseek)
                  00009744    00000028                                   : write.c.obj (.text:write)
                  0000976c    00000020                                   : memchr.c.obj (.text:memchr)
                  0000978c    0000001c                                   : memory.c.obj (.text:free_list_remove)
                  000097a8    0000001c                                   : memccpy.c.obj (.text:memccpy)
                  000097c4    0000001a                                   : s_copysign.c.obj (.text:copysign)
                  000097de    00000018                                   : strcmp.c.obj (.text:strcmp)
                  000097f6    00000016                                   : strchr.c.obj (.text:strchr)
                  0000980c    00000014                                   : strcpy.c.obj (.text:strcpy)
                  00009820    00000014                                   : strlen.c.obj (.text:strlen)
                  00009834    00000012                                   : wcslen.c.obj (.text:wcslen)
                  00009846    0000000e                                   : copy_decompress_none.c.obj (.text:decompress:none:__TI_decompress_none)
                  00009854    0000000e     startup_msp432p401r_ccs.obj (.text)
                  00009862    0000000c     rtsv7M4_T_le_v4SPD16_eabi.lib : copy_zero_init.c.obj (.text:decompress:ZI:__TI_zero_init)
                  0000986e    00000002     --HOLE-- [fill = 0]
                  00009870    00000008                                   : errno.c.obj (.text:__aeabi_errno_addr)
                  00009878    00000008                                   : memory.c.obj (.text:malloc)
                  00009880    00000004                                   : printf.c.obj (.text:_outc)
                  00009884    00000004                                   : printf.c.obj (.text:_outs)
                  00009888    00000004                                   : pre_init.c.obj (.text:_system_pre_init)
                  0000988c    00000004                                   : exit.c.obj (.text:abort:abort)

.const     0    00009890    000002e8     
                  00009890    00000101     rtsv7M4_T_le_v4SPD16_eabi.lib : ctype.c.obj (.const:.string:_ctypes_)
                  00009991    00000001     --HOLE-- [fill = 0]
                  00009992    0000003c     driver.obj (.const:OpcodeTranslateTable)
                  000099ce    00000002     --HOLE-- [fill = 0]
                  000099d0    00000038     driver.obj (.const:_SlActionLookupTable)
                  00009a08    0000002c     main.obj (.const:$P$T0$1)
                  00009a34    00000020     driver.obj (.const:RxMsgClassLUT)
                  00009a54    00000014     driver.obj (.const:$P$T0$1)
                  00009a68    00000014     nonos.obj (.const:$P$T0$1)
                  00009a7c    00000014     main.obj (.const:$P$T1$2)
                  00009a90    00000010     socket.obj (.const:.string:_SlPayloadByProtocolLUT)
                  00009aa0    0000000c     main.obj (.const:$P$T2$3)
                  00009aac    00000008     device.obj (.const:StartResponseLUT)
                  00009ab4    00000008     driver.obj (.const:g_H2NCnysPattern)
                  00009abc    00000008     driver.obj (.const:g_H2NSyncPattern)
                  00009ac4    00000004     netapp.obj (.const:$P$T0$1)
                  00009ac8    00000004     socket.obj (.const:$P$T0$1)
                  00009acc    00000004     wlan.obj (.const:$P$T0$1)
                  00009ad0    00000004     socket.obj (.const:$P$T1$2)
                  00009ad4    00000004     wlan.obj (.const:$P$T1$2)
                  00009ad8    00000004     socket.obj (.const:$P$T2$3)
                  00009adc    00000004     wlan.obj (.const:$P$T2$3)
                  00009ae0    00000004     socket.obj (.const:_SlAcceptCmdCtrl)
                  00009ae4    00000004     device.obj (.const:_SlDeviceGetCmdCtrl)
                  00009ae8    00000004     device.obj (.const:_SlDeviceSetCmdCtrl)
                  00009aec    00000004     device.obj (.const:_SlEventMaskGetCmdCtrl)
                  00009af0    00000004     device.obj (.const:_SlEventMaskSetCmdCtrl)
                  00009af4    00000004     netapp.obj (.const:_SlGetHostByNameCtrl)
                  00009af8    00000004     netapp.obj (.const:_SlGetHostByServiceCtrl)
                  00009afc    00000004     netapp.obj (.const:_SlGetServiceListeCtrl)
                  00009b00    00000004     socket.obj (.const:_SlGetSockOptCmdCtrl)
                  00009b04    00000004     socket.obj (.const:_SlListenCmdCtrl)
                  00009b08    00000004     netapp.obj (.const:_SlNetAppGetCmdCtrl)
                  00009b0c    00000004     netapp.obj (.const:_SlNetAppSendTokenValueCmdCtrl)
                  00009b10    00000004     netapp.obj (.const:_SlNetAppSetCmdCtrl)
                  00009b14    00000004     netapp.obj (.const:_SlNetAppStartCtrl)
                  00009b18    00000004     netapp.obj (.const:_SlNetAppStopCtrl)
                  00009b1c    00000004     netcfg.obj (.const:_SlNetCfgGetCmdCtrl)
                  00009b20    00000004     netcfg.obj (.const:_SlNetCfgSetCmdCtrl)
                  00009b24    00000004     wlan.obj (.const:_SlPolicyGetCmdCtrl)
                  00009b28    00000004     wlan.obj (.const:_SlPolicySetCmdCtrl)
                  00009b2c    00000004     wlan.obj (.const:_SlProfileDelCmdCtrl)
                  00009b30    00000004     wlan.obj (.const:_SlProfileGetCmdCtrl)
                  00009b34    00000004     socket.obj (.const:_SlRecvCmdCtrl)
                  00009b38    00000004     socket.obj (.const:_SlRecvfomCmdCtrl)
                  00009b3c    00000004     netapp.obj (.const:_SlRegisterServiceCtrl)
                  00009b40    00000004     wlan.obj (.const:_SlRxFilterAddtCmdCtrl)
                  00009b44    00000004     wlan.obj (.const:_SlRxFilterGetCmdCtrl)
                  00009b48    00000004     wlan.obj (.const:_SlRxFilterSetCmdCtrl)
                  00009b4c    00000004     socket.obj (.const:_SlSelectCmdCtrl)
                  00009b50    00000004     socket.obj (.const:_SlSendCmdCtrl)
                  00009b54    00000004     socket.obj (.const:_SlSetSockOptCmdCtrl)
                  00009b58    00000004     wlan.obj (.const:_SlSmartConfigStartCmdCtrl)
                  00009b5c    00000004     socket.obj (.const:_SlSockCloseCmdCtrl)
                  00009b60    00000004     socket.obj (.const:_SlSockSocketCmdCtrl)
                  00009b64    00000004     device.obj (.const:_SlStopCmdCtrl)
                  00009b68    00000004     wlan.obj (.const:_SlWlanCfgGetCmdCtrl)
                  00009b6c    00000004     wlan.obj (.const:_SlWlanCfgSetCmdCtrl)
                  00009b70    00000004     wlan.obj (.const:_SlWlanGetNetworkListCtrl)
                  00009b74    00000004     wlan.obj (.const:_SlWlanSetModeCmdCtrl)

.cinit     0    00009b78    000000a0     
                  00009b78    00000077     (.cinit..data.load) [load image, compression = lzss]
                  00009bef    00000001     --HOLE-- [fill = 0]
                  00009bf0    0000000c     (__TI_handler_table)
                  00009bfc    00000004     --HOLE-- [fill = 0]
                  00009c00    00000008     (.cinit..bss.load) [load image, compression = zero_init]
                  00009c08    00000010     (__TI_cinit_table)

.init_array 
*          0    00000000    00000000     UNINITIALIZED

.binit     0    00000000    00000000     

.bss       0    20000000    00000947     UNINITIALIZED
                  20000000    00000400     (.common:Recvbuff)
                  20000400    00000200     (.common:SendBuff)
                  20000600    00000168     driver.obj (.bss:g_StatMem)
                  20000768    00000120     rtsv7M4_T_le_v4SPD16_eabi.lib : trgmsg.c.obj (.bss:_CIOBUF_)
                  20000888    000000a0     (.common:__TI_tmpnams)
                  20000928    00000008     (.common:Messageb)
                  20000930    00000008     (.common:parmbuf)
                  20000938    00000004     (.common:DestinationIP)
                  2000093c    00000004     (.common:Messageindexb)
                  20000940    00000004     (.common:SockID)
                  20000944    00000001     (.common:IntIsMasked)
                  20000945    00000001     (.common:RxIrqCnt)
                  20000946    00000001     (.common:g_bDeviceRestartIsRequired)

.sysmem    0    20000948    00000400     UNINITIALIZED
                  20000948    00000010     rtsv7M4_T_le_v4SPD16_eabi.lib : memory.c.obj (.sysmem)
                  20000958    000003f0     --HOLE--

.data      0    20000d48    00000264     UNINITIALIZED
                  20000d48    000000f0     rtsv7M4_T_le_v4SPD16_eabi.lib : defs.c.obj (.data:_ftable)
                  20000e38    00000078                                   : host_device.c.obj (.data:_device)
                  20000eb0    00000050                                   : host_device.c.obj (.data:_stream)
                  20000f00    0000003c     nonos.obj (.data:g__SlNonOsCB)
                  20000f3c    00000018     Clock.obj (.data)
                  20000f54    00000010     rtsv7M4_T_le_v4SPD16_eabi.lib : defs.c.obj (.data)
                  20000f64    0000000d     driver.obj (.data)
                  20000f71    00000003     --HOLE--
                  20000f74    0000000c     rtsv7M4_T_le_v4SPD16_eabi.lib : exit.c.obj (.data:$O1$$)
                  20000f80    00000008                                   : _lock.c.obj (.data:$O1$$)
                  20000f88    00000008                                   : memory.c.obj (.data:$O1$$)
                  20000f90    00000004     board.obj (.data)
                  20000f94    00000004     main.obj (.data)
                  20000f98    00000004     rtsv7M4_T_le_v4SPD16_eabi.lib : add_device.c.obj (.data)
                  20000f9c    00000004                                   : errno.c.obj (.data)
                  20000fa0    00000004                                   : fopen.c.obj (.data)
                  20000fa4    00000004                                   : open.c.obj (.data)
                  20000fa8    00000004     system_msp432p401r.obj (.data)

.stack     0    2000fe00    00000200     UNINITIALIZED
                  2000fe00    00000004     rtsv7M4_T_le_v4SPD16_eabi.lib : boot_cortex_m.c.obj (.stack)
                  2000fe04    000001fc     --HOLE--

MODULE SUMMARY

       Module                        code    ro data   rw data
       ------                        ----    -------   -------
    ..\
       UART0.obj                     1760    0         24     
    +--+-----------------------------+-------+---------+---------+
       Total:                        1760    0         24     
                                                              
    .\
       driver.obj                    7600    184       750    
       main.obj                      2484    76        3096   
       socket.obj                    3904    68        0      
       wlan.obj                      3576    60        0      
       netapp.obj                    3088    40        0      
       device.obj                    1392    28        0      
       system_msp432p401r.obj        812     0         8      
       nonos.obj                     412     20        120    
       spi.obj                       540     0         0      
       Clock.obj                     480     0         48     
       netcfg.obj                    360     8         0      
       board.obj                     284     0         10     
       LaunchPad.obj                 244     0         0      
       startup_msp432p401r_ccs.obj   14      228       0      
       fpu.obj                       192     0         0      
       timer_tick.obj                112     0         0      
    +--+-----------------------------+-------+---------+---------+
       Total:                        25494   712       4032   
                                                              
    C:\ti\ccs910\ccs\tools\compiler\ti-cgt-arm_18.12.2.LTS\lib\rtsv7M4_T_le_v4SPD16_eabi.lib
       _printfi.c.obj                4851    0         0      
       defs.c.obj                    0       0         832    
       memory.c.obj                  676     0         16     
       trgmsg.c.obj                  108     0         576    
       fopen.c.obj                   528     0         8      
       fd_add_t2.asm.obj             438     0         0      
       host_device.c.obj             0       0         400    
       fd_div_t2.asm.obj             310     0         0      
       fputs.c.obj                   276     0         0      
       s_scalbn.c.obj                272     0         0      
       fd_cmp_t2.asm.obj             268     0         0      
       ctype.c.obj                   0       257       0      
       fd_mul_t2.asm.obj             252     0         0      
       setvbuf.c.obj                 220     0         0      
       open.c.obj                    188     0         8      
       add_device.c.obj              184     0         8      
       memcpy_t2.asm.obj             156     0         0      
       ull_div_t2.asm.obj            150     0         0      
       fputc.c.obj                   140     0         0      
       memset_t2.asm.obj             122     0         0      
       fclose.c.obj                  116     0         0      
       getdevice.c.obj               116     0         0      
       hostopen.c.obj                96      0         16     
       printf.c.obj                  112     0         0      
       copy_decompress_lzss.c.obj    104     0         0      
       hostlseek.c.obj               104     0         0      
       hostrename.c.obj              104     0         0      
       exit.c.obj                    76      0         24     
       fseek.c.obj                   100     0         0      
       s_frexp.c.obj                 100     0         0      
       _io_perm.c.obj                98      0         0      
       close.c.obj                   92      0         0      
       hostread.c.obj                88      0         0      
       hostwrite.c.obj               88      0         0      
       ltoa.c.obj                    84      0         0      
       atoi.c.obj                    76      0         0      
       fflush.c.obj                  76      0         0      
       fd_toi_t2.asm.obj             72      0         0      
       autoinit.c.obj                68      0         0      
       hostclose.c.obj               68      0         0      
       hostunlink.c.obj              68      0         0      
       strncpy.c.obj                 54      0         0      
       boot_cortex_m.c.obj           52      0         0      
       i_tofd_t2.asm.obj             46      0         0      
       unlink.c.obj                  44      0         0      
       lseek.c.obj                   40      0         0      
       write.c.obj                   40      0         0      
       memchr.c.obj                  32      0         0      
       memccpy.c.obj                 28      0         0      
       s_copysign.c.obj              26      0         0      
       strcmp.c.obj                  24      0         0      
       strchr.c.obj                  22      0         0      
       strcpy.c.obj                  20      0         0      
       strlen.c.obj                  20      0         0      
       _lock.c.obj                   2       0         16     
       wcslen.c.obj                  18      0         0      
       errno.c.obj                   8       0         8      
       copy_decompress_none.c.obj    14      0         0      
       copy_zero_init.c.obj          12      0         0      
       pre_init.c.obj                4       0         0      
       div0.asm.obj                  2       0         0      
    +--+-----------------------------+-------+---------+---------+
       Total:                        11553   257       1912   
                                                              
       Heap:                         0       0         2048   
       Stack:                        0       0         1024   
       Linker Generated:             0       155       0      
    +--+-----------------------------+-------+---------+---------+
       Grand Total:                  38807   1124      9040   


LINKER GENERATED COPY TABLES

__TI_cinit_table @ 00009c08 records: 2, size/record: 8, table size: 16
	.data: load addr=00009b78, load size=00000077 bytes, run addr=20000d48, run size=00000264 bytes, compression=lzss
	.bss: load addr=00009c00, load size=00000008 bytes, run addr=20000000, run size=00000947 bytes, compression=zero_init


LINKER GENERATED HANDLER TABLE

__TI_handler_table @ 00009bf0 records: 3, size/record: 4, table size: 12
	index: 0, handler: __TI_decompress_lzss
	index: 1, handler: __TI_decompress_none
	index: 2, handler: __TI_zero_init


GLOBAL SYMBOLS: SORTED ALPHABETICALLY BY Name 

address   name                                  
-------   ----                                  
00009861  ADC14_IRQHandler                      
00009861  AES256_IRQHandler                     
00009861  BusFault_Handler                      
0000988d  C$$EXIT                               
00009557  C$$IO$$                               
00007c55  CC3100_InterruptDisable               
00007c29  CC3100_InterruptEnable                
00007c11  CC3100_disable                        
00007c1d  CC3100_enable                         
00009861  COMP_E0_IRQHandler                    
00009861  COMP_E1_IRQHandler                    
20000f44  CPMwait                               
00009861  CS_IRQHandler                         
20000f3c  ClockFrequency                        
0000713d  Clock_Delay1ms                        
00007113  Clock_Delay1us                        
000070ff  Clock_GetFreq                         
00006fe9  Clock_Init48MHz                       
0000522d  Crash                                 
20000f50  Crystalstable                         
00009861  DMA_ERR_IRQHandler                    
00009861  DMA_INT0_IRQHandler                   
00009861  DMA_INT1_IRQHandler                   
00009861  DMA_INT2_IRQHandler                   
00009861  DMA_INT3_IRQHandler                   
00009861  DebugMon_Handler                      
00009861  Default_Handler                       
00007ca7  Delay                                 
20000938  DestinationIP                         
00009861  EUSCIA0_IRQHandler                    
00009861  EUSCIA1_IRQHandler                    
00009861  EUSCIA2_IRQHandler                    
00009861  EUSCIA3_IRQHandler                    
00009861  EUSCIB0_IRQHandler                    
00009861  EUSCIB1_IRQHandler                    
00009861  EUSCIB2_IRQHandler                    
00009861  EUSCIB3_IRQHandler                    
00009861  FLCTL_IRQHandler                      
00009861  FPU_IRQHandler                        
000084f3  FPU_disableModule                     
0000851f  FPU_disableStacking                   
00008513  FPU_enableLazyStacking                
000084e1  FPU_enableModule                      
00008501  FPU_enableStacking                    
0000855f  FPU_setFlushToZeroMode                
0000852b  FPU_setHalfPrecisionMode              
00008545  FPU_setNaNMode                        
00008579  FPU_setRoundingMode                   
000093d9  HOSTclose                             
00008d7d  HOSTlseek                             
00009049  HOSTopen                              
00009105  HOSTread                              
00008de5  HOSTrename                            
0000941d  HOSTunlink                            
0000915d  HOSTwrite                             
00009861  HardFault_Handler                     
20000f4c  IFlags                                
20000944  IntIsMasked                           
00008135  LaunchPad_Init                        
000081a5  LaunchPad_Input                       
000081bf  LaunchPad_LED                         
000081dd  LaunchPad_Output                      
00007c6b  MaskIntHdlr                           
00009861  MemManage_Handler                     
20000928  Messageb                              
2000093c  Messageindexb                         
00009861  NMI_Handler                           
00009992  OpcodeTranslateTable                  
00009861  PCM_IRQHandler                        
00009861  PORT1_IRQHandler                      
00007c85  PORT2_IRQHandler                      
00007c85  PORT2_IRQHandler                      
00009861  PORT3_IRQHandler                      
00009861  PORT4_IRQHandler                      
00009861  PORT5_IRQHandler                      
00009861  PORT6_IRQHandler                      
00009861  PSS_IRQHandler                        
00009861  PendSV_Handler                        
20000f48  Postwait                              
20000f40  Prewait                               
00009861  RTC_C_IRQHandler                      
20000000  Recvbuff                              
00009855  Reset_Handler                         
20000945  RxIrqCnt                              
00002d59  SL_FD_CLR                             
00002d81  SL_FD_ISSET                           
00002d31  SL_FD_SET                             
00002dad  SL_FD_ZERO                            
00009861  SVC_Handler                           
20000400  SendBuff                              
0000599b  SimpleLinkGeneralEventHandler         
0000598d  SimpleLinkHttpServerCallback          
0000595d  SimpleLinkNetAppEventHandler          
000059ad  SimpleLinkSockEventHandler            
000058ed  SimpleLinkWlanEventHandler            
20000940  SockID                                
00009861  SysTick_Handler                       
20000fa8  SystemCoreClock                       
00006831  SystemCoreClockUpdate                 
00006aa5  SystemInit                            
00009861  T32_INT1_IRQHandler                   
00009861  T32_INT2_IRQHandler                   
00009861  T32_INTC_IRQHandler                   
00009861  TA0_0_IRQHandler                      
00009861  TA0_N_IRQHandler                      
00009861  TA1_0_IRQHandler                      
00009861  TA1_N_IRQHandler                      
00009861  TA2_0_IRQHandler                      
00009861  TA2_N_IRQHandler                      
00009861  TA3_0_IRQHandler                      
00009861  TA3_N_IRQHandler                      
00008c9d  TimerA2_Init                          
00005c27  UART0_InChar                          
000060d1  UART0_InString                        
00005c71  UART0_InUDec                          
00005f85  UART0_InUHex                          
00005be1  UART0_Init                            
00006233  UART0_Initprintf                      
00005c37  UART0_OutChar                         
00005d25  UART0_OutSDec                         
00005c53  UART0_OutString                       
00005cf5  UART0_OutUDec                         
00005e99  UART0_OutUDec4                        
00005ee1  UART0_OutUDec5                        
00005f13  UART0_OutUFix1                        
00005f3b  UART0_OutUFix2                        
00006049  UART0_OutUHex                         
000060b5  UART0_OutUHex2                        
00007c73  UnMaskIntHdlr                         
00009861  UsageFault_Handler                    
4000480c  WDTCTL_SYM                            
00009861  WDT_A_IRQHandler                      
000099d0  _SlActionLookupTable                  
00001d4d  _SlDriverHandleError                  
00001561  _SlDrvBasicCmd                        
00000445  _SlDrvCmdOp                           
000015b5  _SlDrvCmdSend                         
00000501  _SlDrvDataReadOp                      
000006e5  _SlDrvDataWriteOp                     
00006779  _SlDrvDeviceEventHandler              
00001bb9  _SlDrvDispatchHttpServerEvents        
000002c9  _SlDrvDriverCBDeinit                  
0000012b  _SlDrvDriverCBInit                    
00001ca3  _SlDrvGlobalObjUnLock                 
00001e0d  _SlDrvIsTimeoutExpired                
00001cc5  _SlDrvMemZero                         
0000116f  _SlDrvMsgReadSpawnCtx                 
000046c9  _SlDrvNetAppEventHandler              
00001be9  _SlDrvObjLockWaitForever              
00001c3d  _SlDrvObjUnLock                       
000000e5  _SlDrvProtectAsyncRespSetting         
00001c0f  _SlDrvProtectionObjLockWaitForever    
00001c5d  _SlDrvProtectionObjUnLock             
000017c5  _SlDrvReleasePoolObj                  
00001cdb  _SlDrvResetCmdExt                     
000003ed  _SlDrvRxIrqHandler                    
00001ded  _SlDrvStartMeasureTimeout             
00001bc9  _SlDrvSyncObjSignal                   
00001ce9  _SlDrvSyncObjWaitForever              
00001d0d  _SlDrvSyncObjWaitTimeout              
00001639  _SlDrvWaitForPoolObj                  
00009b0c  _SlNetAppSendTokenValueCmdCtrl        
00007671  _SlNonOsMainLoopTask                  
00007569  _SlNonOsSemGet                        
00007551  _SlNonOsSemSet                        
00007611  _SlNonOsSpawn                         
20000768  __CIOBUF_                             
20010000  __STACK_END                           
00000200  __STACK_SIZE                          
00000400  __SYSMEM_SIZE                         
00009c08  __TI_CINIT_Base                       
00009c18  __TI_CINIT_Limit                      
00009bf0  __TI_Handler_Table_Base               
00009bfc  __TI_Handler_Table_Limit              
00009461  __TI_auto_init_nobinit_nopinit        
00009599  __TI_cleanup                          
20000f74  __TI_cleanup_ptr                      
00008c29  __TI_closefile                        
00008e4d  __TI_decompress_lzss                  
00009847  __TI_decompress_none                  
000092b1  __TI_doflush                          
20000f78  __TI_dtors_ptr                        
20000f7c  __TI_enable_exit_profile_output       
20000f54  __TI_ft_end                           
ffffffff  __TI_pprof_out_hndl                   
000047dd  __TI_printfi                          
ffffffff  __TI_prof_data_size                   
ffffffff  __TI_prof_data_start                  
000095cd  __TI_readmsg                          
00000000  __TI_static_base__                    
20000888  __TI_tmpnams                          
00009529  __TI_writemsg                         
00008fe5  __TI_wrt_ok                           
00009863  __TI_zero_init                        
00008a25  __aeabi_cdcmpeq                       
00008a25  __aeabi_cdcmple                       
00008aab  __aeabi_cdrcmple                      
00009391  __aeabi_d2iz                          
000073a3  __aeabi_dadd                          
00007991  __aeabi_ddiv                          
00008039  __aeabi_dmul                          
00007399  __aeabi_dsub                          
00009871  __aeabi_errno_addr                    
00009699  __aeabi_i2d                           
0000754f  __aeabi_idiv0                         
0000754f  __aeabi_ldiv0                         
00008bad  __aeabi_memclr                        
00008bad  __aeabi_memclr4                       
00008bad  __aeabi_memclr8                       
00008865  __aeabi_memcpy                        
00008865  __aeabi_memcpy4                       
00008865  __aeabi_memcpy8                       
00008baf  __aeabi_memset                        
00008baf  __aeabi_memset4                       
00008baf  __aeabi_memset8                       
20000f60  __aeabi_stderr                        
20000f58  __aeabi_stdin                         
20000f5c  __aeabi_stdout                        
00008901  __aeabi_uldivmod                      
ffffffff  __binit__                             
ffffffff  __c_args__                            
UNDEFED   __mpu_init                            
2000fe00  __stack                               
00009601  _c_int00_noargs                       
00009890  _ctypes_                              
20000e38  _device                               
20000d48  _ftable                               
20000f80  _lock                                 
0000522b  _nop                                  
0000292d  _sl_HandleAsync_Accept                
000024eb  _sl_HandleAsync_Connect               
000040cb  _sl_HandleAsync_DnsGetHostByAddr      
00004219  _sl_HandleAsync_DnsGetHostByName      
00004005  _sl_HandleAsync_DnsGetHostByService   
000063b1  _sl_HandleAsync_InitComplete          
000042ed  _sl_HandleAsync_PingResponse          
0000298d  _sl_HandleAsync_Select                
00006435  _sl_HandleAsync_Stop                  
000045a9  _sl_NetAppSendTokenValue              
00001f1d  _sl_ParseAddress                      
20000eb0  _stream                               
20000948  _sys_memory                           
UNDEFED   _system_post_cinit                    
00009889  _system_pre_init                      
20000f84  _unlock                               
0000988d  abort                                 
0000865d  add_device                            
00008229  aligned_alloc                         
000092fd  atoi                                  
ffffffff  binit                                 
000090a9  close                                 
00005679  configureSimpleLinkToDefaultState     
000097c5  copysign                              
000097c5  copysignl                             
00007105  delay                                 
000058bb  disconnectFromAP                      
20000f9c  errno                                 
00005857  establishConnectionWithAP             
00009349  exit                                  
00006165  ferror                                
0000614b  fgetc                                 
00009669  finddevice                            
000087c9  fopen                                 
00008999  fputc                                 
00007d09  fputs                                 
0000831d  free                                  
00009635  freopen                               
00008f1d  frexp                                 
00008f1d  frexpl                                
00008f81  fseek                                 
20000f64  g_SlDeviceStatus                      
20000f94  g_Status                              
20000f00  g__SlNonOsCB                          
20000946  g_bDeviceRestartIsRequired            
20000f68  g_pCB                                 
000094a5  getdevice                             
00007bed  initClk                               
00000000  interruptVectors                      
00007e1d  ldexp                                 
00007e1d  ldexpl                                
0000971d  lseek                                 
0000920b  ltoa                                  
00005279  main                                  
00009879  malloc                                
00008229  memalign                              
000097a9  memccpy                               
0000976d  memchr                                
00008865  memcpy                                
00008bb5  memset                                
000085a1  open                                  
0000608d  outnibble                             
20000f90  pIraEventHandler                      
20000f6c  pPingCallBackFunc                     
20000930  parmbuf                               
00008eb5  printf                                
00008999  putc                                  
00007bfd  registerInterruptHandler              
000096c9  remove                                
00007e1d  scalbn                                
00007e1d  scalbnl                               
00008405  setvbuf                               
00002705  sl_Accept                             
00002047  sl_Bind                               
00001ff5  sl_Close                              
00002375  sl_Connect                            
00006625  sl_DevGet                             
000066e9  sl_DevSet                             
000065b9  sl_EventMaskGet                       
00006553  sl_EventMaskSet                       
00002b17  sl_GetSockOpt                         
000028ab  sl_Htonl                              
000028f1  sl_Htons                              
00002695  sl_Listen                             
000040dd  sl_NetAppDnsGetHostByName             
00003efd  sl_NetAppDnsGetHostByService          
00004615  sl_NetAppGet                          
00003c65  sl_NetAppGetServiceList               
00003e2d  sl_NetAppMDNSRegisterService          
00003d57  sl_NetAppMDNSRegisterUnregisterService
00003e91  sl_NetAppMDNSUnRegisterService        
00004379  sl_NetAppPingStart                    
00004517  sl_NetAppSet                          
00003bcd  sl_NetAppStart                        
00003c19  sl_NetAppStop                         
00007777  sl_NetCfgGet                          
000076ed  sl_NetCfgSet                          
000029e5  sl_Recv                               
00002235  sl_RecvFrom                           
00002bcf  sl_Select                             
00002569  sl_Send                               
000020f5  sl_SendTo                             
00002a8d  sl_SetSockOpt                         
00001f77  sl_Socket                             
000062dd  sl_Start                              
0000647f  sl_Stop                               
000062d5  sl_Task                               
00002dd5  sl_WlanConnect                        
00003045  sl_WlanDisconnect                     
00003af5  sl_WlanGet                            
0000360d  sl_WlanGetNetworkList                 
00003109  sl_WlanPolicyGet                      
00003079  sl_WlanPolicySet                      
000031fd  sl_WlanProfileAdd                     
000035bb  sl_WlanProfileDel                     
000034b1  sl_WlanProfileGet                     
000036a3  sl_WlanRxFilterAdd                    
000037bd  sl_WlanRxFilterGet                    
00003739  sl_WlanRxFilterSet                    
000038b5  sl_WlanRxStatGet                      
00003851  sl_WlanRxStatStart                    
00003881  sl_WlanRxStatStop                     
00003a59  sl_WlanSet                            
00003a01  sl_WlanSetMode                        
00003949  sl_WlanSmartConfigStart               
00003915  sl_WlanSmartConfigStop                
00006dcd  spi_Close                             
00006dd9  spi_Open                              
00006f33  spi_Read                              
00006ed9  spi_Write                             
00007c7b  stopWDT                               
000097f7  strchr                                
000097df  strcmp                                
0000980d  strcpy                                
00009821  strlen                                
00009561  strncpy                               
00008cd7  timer_GetCurrentTimestamp             
0000618b  uart_close                            
00006209  uart_lseek                            
0000617b  uart_open                             
00006197  uart_read                             
00006225  uart_rename                           
00006219  uart_unlink                           
000061c7  uart_write                            
000096c9  unlink                                
00009835  wcslen                                
00009745  write                                 


GLOBAL SYMBOLS: SORTED BY Symbol Address 

address   name                                  
-------   ----                                  
00000000  __TI_static_base__                    
00000000  interruptVectors                      
000000e5  _SlDrvProtectAsyncRespSetting         
0000012b  _SlDrvDriverCBInit                    
00000200  __STACK_SIZE                          
000002c9  _SlDrvDriverCBDeinit                  
000003ed  _SlDrvRxIrqHandler                    
00000400  __SYSMEM_SIZE                         
00000445  _SlDrvCmdOp                           
00000501  _SlDrvDataReadOp                      
000006e5  _SlDrvDataWriteOp                     
0000116f  _SlDrvMsgReadSpawnCtx                 
00001561  _SlDrvBasicCmd                        
000015b5  _SlDrvCmdSend                         
00001639  _SlDrvWaitForPoolObj                  
000017c5  _SlDrvReleasePoolObj                  
00001bb9  _SlDrvDispatchHttpServerEvents        
00001bc9  _SlDrvSyncObjSignal                   
00001be9  _SlDrvObjLockWaitForever              
00001c0f  _SlDrvProtectionObjLockWaitForever    
00001c3d  _SlDrvObjUnLock                       
00001c5d  _SlDrvProtectionObjUnLock             
00001ca3  _SlDrvGlobalObjUnLock                 
00001cc5  _SlDrvMemZero                         
00001cdb  _SlDrvResetCmdExt                     
00001ce9  _SlDrvSyncObjWaitForever              
00001d0d  _SlDrvSyncObjWaitTimeout              
00001d4d  _SlDriverHandleError                  
00001ded  _SlDrvStartMeasureTimeout             
00001e0d  _SlDrvIsTimeoutExpired                
00001f1d  _sl_ParseAddress                      
00001f77  sl_Socket                             
00001ff5  sl_Close                              
00002047  sl_Bind                               
000020f5  sl_SendTo                             
00002235  sl_RecvFrom                           
00002375  sl_Connect                            
000024eb  _sl_HandleAsync_Connect               
00002569  sl_Send                               
00002695  sl_Listen                             
00002705  sl_Accept                             
000028ab  sl_Htonl                              
000028f1  sl_Htons                              
0000292d  _sl_HandleAsync_Accept                
0000298d  _sl_HandleAsync_Select                
000029e5  sl_Recv                               
00002a8d  sl_SetSockOpt                         
00002b17  sl_GetSockOpt                         
00002bcf  sl_Select                             
00002d31  SL_FD_SET                             
00002d59  SL_FD_CLR                             
00002d81  SL_FD_ISSET                           
00002dad  SL_FD_ZERO                            
00002dd5  sl_WlanConnect                        
00003045  sl_WlanDisconnect                     
00003079  sl_WlanPolicySet                      
00003109  sl_WlanPolicyGet                      
000031fd  sl_WlanProfileAdd                     
000034b1  sl_WlanProfileGet                     
000035bb  sl_WlanProfileDel                     
0000360d  sl_WlanGetNetworkList                 
000036a3  sl_WlanRxFilterAdd                    
00003739  sl_WlanRxFilterSet                    
000037bd  sl_WlanRxFilterGet                    
00003851  sl_WlanRxStatStart                    
00003881  sl_WlanRxStatStop                     
000038b5  sl_WlanRxStatGet                      
00003915  sl_WlanSmartConfigStop                
00003949  sl_WlanSmartConfigStart               
00003a01  sl_WlanSetMode                        
00003a59  sl_WlanSet                            
00003af5  sl_WlanGet                            
00003bcd  sl_NetAppStart                        
00003c19  sl_NetAppStop                         
00003c65  sl_NetAppGetServiceList               
00003d57  sl_NetAppMDNSRegisterUnregisterService
00003e2d  sl_NetAppMDNSRegisterService          
00003e91  sl_NetAppMDNSUnRegisterService        
00003efd  sl_NetAppDnsGetHostByService          
00004005  _sl_HandleAsync_DnsGetHostByService   
000040cb  _sl_HandleAsync_DnsGetHostByAddr      
000040dd  sl_NetAppDnsGetHostByName             
00004219  _sl_HandleAsync_DnsGetHostByName      
000042ed  _sl_HandleAsync_PingResponse          
00004379  sl_NetAppPingStart                    
00004517  sl_NetAppSet                          
000045a9  _sl_NetAppSendTokenValue              
00004615  sl_NetAppGet                          
000046c9  _SlDrvNetAppEventHandler              
000047dd  __TI_printfi                          
0000522b  _nop                                  
0000522d  Crash                                 
00005279  main                                  
00005679  configureSimpleLinkToDefaultState     
00005857  establishConnectionWithAP             
000058bb  disconnectFromAP                      
000058ed  SimpleLinkWlanEventHandler            
0000595d  SimpleLinkNetAppEventHandler          
0000598d  SimpleLinkHttpServerCallback          
0000599b  SimpleLinkGeneralEventHandler         
000059ad  SimpleLinkSockEventHandler            
00005be1  UART0_Init                            
00005c27  UART0_InChar                          
00005c37  UART0_OutChar                         
00005c53  UART0_OutString                       
00005c71  UART0_InUDec                          
00005cf5  UART0_OutUDec                         
00005d25  UART0_OutSDec                         
00005e99  UART0_OutUDec4                        
00005ee1  UART0_OutUDec5                        
00005f13  UART0_OutUFix1                        
00005f3b  UART0_OutUFix2                        
00005f85  UART0_InUHex                          
00006049  UART0_OutUHex                         
0000608d  outnibble                             
000060b5  UART0_OutUHex2                        
000060d1  UART0_InString                        
0000614b  fgetc                                 
00006165  ferror                                
0000617b  uart_open                             
0000618b  uart_close                            
00006197  uart_read                             
000061c7  uart_write                            
00006209  uart_lseek                            
00006219  uart_unlink                           
00006225  uart_rename                           
00006233  UART0_Initprintf                      
000062d5  sl_Task                               
000062dd  sl_Start                              
000063b1  _sl_HandleAsync_InitComplete          
00006435  _sl_HandleAsync_Stop                  
0000647f  sl_Stop                               
00006553  sl_EventMaskSet                       
000065b9  sl_EventMaskGet                       
00006625  sl_DevGet                             
000066e9  sl_DevSet                             
00006779  _SlDrvDeviceEventHandler              
00006831  SystemCoreClockUpdate                 
00006aa5  SystemInit                            
00006dcd  spi_Close                             
00006dd9  spi_Open                              
00006ed9  spi_Write                             
00006f33  spi_Read                              
00006fe9  Clock_Init48MHz                       
000070ff  Clock_GetFreq                         
00007105  delay                                 
00007113  Clock_Delay1us                        
0000713d  Clock_Delay1ms                        
00007399  __aeabi_dsub                          
000073a3  __aeabi_dadd                          
0000754f  __aeabi_idiv0                         
0000754f  __aeabi_ldiv0                         
00007551  _SlNonOsSemSet                        
00007569  _SlNonOsSemGet                        
00007611  _SlNonOsSpawn                         
00007671  _SlNonOsMainLoopTask                  
000076ed  sl_NetCfgSet                          
00007777  sl_NetCfgGet                          
00007991  __aeabi_ddiv                          
00007bed  initClk                               
00007bfd  registerInterruptHandler              
00007c11  CC3100_disable                        
00007c1d  CC3100_enable                         
00007c29  CC3100_InterruptEnable                
00007c55  CC3100_InterruptDisable               
00007c6b  MaskIntHdlr                           
00007c73  UnMaskIntHdlr                         
00007c7b  stopWDT                               
00007c85  PORT2_IRQHandler                      
00007c85  PORT2_IRQHandler                      
00007ca7  Delay                                 
00007d09  fputs                                 
00007e1d  ldexp                                 
00007e1d  ldexpl                                
00007e1d  scalbn                                
00007e1d  scalbnl                               
00008039  __aeabi_dmul                          
00008135  LaunchPad_Init                        
000081a5  LaunchPad_Input                       
000081bf  LaunchPad_LED                         
000081dd  LaunchPad_Output                      
00008229  aligned_alloc                         
00008229  memalign                              
0000831d  free                                  
00008405  setvbuf                               
000084e1  FPU_enableModule                      
000084f3  FPU_disableModule                     
00008501  FPU_enableStacking                    
00008513  FPU_enableLazyStacking                
0000851f  FPU_disableStacking                   
0000852b  FPU_setHalfPrecisionMode              
00008545  FPU_setNaNMode                        
0000855f  FPU_setFlushToZeroMode                
00008579  FPU_setRoundingMode                   
000085a1  open                                  
0000865d  add_device                            
000087c9  fopen                                 
00008865  __aeabi_memcpy                        
00008865  __aeabi_memcpy4                       
00008865  __aeabi_memcpy8                       
00008865  memcpy                                
00008901  __aeabi_uldivmod                      
00008999  fputc                                 
00008999  putc                                  
00008a25  __aeabi_cdcmpeq                       
00008a25  __aeabi_cdcmple                       
00008aab  __aeabi_cdrcmple                      
00008bad  __aeabi_memclr                        
00008bad  __aeabi_memclr4                       
00008bad  __aeabi_memclr8                       
00008baf  __aeabi_memset                        
00008baf  __aeabi_memset4                       
00008baf  __aeabi_memset8                       
00008bb5  memset                                
00008c29  __TI_closefile                        
00008c9d  TimerA2_Init                          
00008cd7  timer_GetCurrentTimestamp             
00008d7d  HOSTlseek                             
00008de5  HOSTrename                            
00008e4d  __TI_decompress_lzss                  
00008eb5  printf                                
00008f1d  frexp                                 
00008f1d  frexpl                                
00008f81  fseek                                 
00008fe5  __TI_wrt_ok                           
00009049  HOSTopen                              
000090a9  close                                 
00009105  HOSTread                              
0000915d  HOSTwrite                             
0000920b  ltoa                                  
000092b1  __TI_doflush                          
000092fd  atoi                                  
00009349  exit                                  
00009391  __aeabi_d2iz                          
000093d9  HOSTclose                             
0000941d  HOSTunlink                            
00009461  __TI_auto_init_nobinit_nopinit        
000094a5  getdevice                             
00009529  __TI_writemsg                         
00009557  C$$IO$$                               
00009561  strncpy                               
00009599  __TI_cleanup                          
000095cd  __TI_readmsg                          
00009601  _c_int00_noargs                       
00009635  freopen                               
00009669  finddevice                            
00009699  __aeabi_i2d                           
000096c9  remove                                
000096c9  unlink                                
0000971d  lseek                                 
00009745  write                                 
0000976d  memchr                                
000097a9  memccpy                               
000097c5  copysign                              
000097c5  copysignl                             
000097df  strcmp                                
000097f7  strchr                                
0000980d  strcpy                                
00009821  strlen                                
00009835  wcslen                                
00009847  __TI_decompress_none                  
00009855  Reset_Handler                         
00009861  ADC14_IRQHandler                      
00009861  AES256_IRQHandler                     
00009861  BusFault_Handler                      
00009861  COMP_E0_IRQHandler                    
00009861  COMP_E1_IRQHandler                    
00009861  CS_IRQHandler                         
00009861  DMA_ERR_IRQHandler                    
00009861  DMA_INT0_IRQHandler                   
00009861  DMA_INT1_IRQHandler                   
00009861  DMA_INT2_IRQHandler                   
00009861  DMA_INT3_IRQHandler                   
00009861  DebugMon_Handler                      
00009861  Default_Handler                       
00009861  EUSCIA0_IRQHandler                    
00009861  EUSCIA1_IRQHandler                    
00009861  EUSCIA2_IRQHandler                    
00009861  EUSCIA3_IRQHandler                    
00009861  EUSCIB0_IRQHandler                    
00009861  EUSCIB1_IRQHandler                    
00009861  EUSCIB2_IRQHandler                    
00009861  EUSCIB3_IRQHandler                    
00009861  FLCTL_IRQHandler                      
00009861  FPU_IRQHandler                        
00009861  HardFault_Handler                     
00009861  MemManage_Handler                     
00009861  NMI_Handler                           
00009861  PCM_IRQHandler                        
00009861  PORT1_IRQHandler                      
00009861  PORT3_IRQHandler                      
00009861  PORT4_IRQHandler                      
00009861  PORT5_IRQHandler                      
00009861  PORT6_IRQHandler                      
00009861  PSS_IRQHandler                        
00009861  PendSV_Handler                        
00009861  RTC_C_IRQHandler                      
00009861  SVC_Handler                           
00009861  SysTick_Handler                       
00009861  T32_INT1_IRQHandler                   
00009861  T32_INT2_IRQHandler                   
00009861  T32_INTC_IRQHandler                   
00009861  TA0_0_IRQHandler                      
00009861  TA0_N_IRQHandler                      
00009861  TA1_0_IRQHandler                      
00009861  TA1_N_IRQHandler                      
00009861  TA2_0_IRQHandler                      
00009861  TA2_N_IRQHandler                      
00009861  TA3_0_IRQHandler                      
00009861  TA3_N_IRQHandler                      
00009861  UsageFault_Handler                    
00009861  WDT_A_IRQHandler                      
00009863  __TI_zero_init                        
00009871  __aeabi_errno_addr                    
00009879  malloc                                
00009889  _system_pre_init                      
0000988d  C$$EXIT                               
0000988d  abort                                 
00009890  _ctypes_                              
00009992  OpcodeTranslateTable                  
000099d0  _SlActionLookupTable                  
00009b0c  _SlNetAppSendTokenValueCmdCtrl        
00009bf0  __TI_Handler_Table_Base               
00009bfc  __TI_Handler_Table_Limit              
00009c08  __TI_CINIT_Base                       
00009c18  __TI_CINIT_Limit                      
20000000  Recvbuff                              
20000400  SendBuff                              
20000768  __CIOBUF_                             
20000888  __TI_tmpnams                          
20000928  Messageb                              
20000930  parmbuf                               
20000938  DestinationIP                         
2000093c  Messageindexb                         
20000940  SockID                                
20000944  IntIsMasked                           
20000945  RxIrqCnt                              
20000946  g_bDeviceRestartIsRequired            
20000948  _sys_memory                           
20000d48  _ftable                               
20000e38  _device                               
20000eb0  _stream                               
20000f00  g__SlNonOsCB                          
20000f3c  ClockFrequency                        
20000f40  Prewait                               
20000f44  CPMwait                               
20000f48  Postwait                              
20000f4c  IFlags                                
20000f50  Crystalstable                         
20000f54  __TI_ft_end                           
20000f58  __aeabi_stdin                         
20000f5c  __aeabi_stdout                        
20000f60  __aeabi_stderr                        
20000f64  g_SlDeviceStatus                      
20000f68  g_pCB                                 
20000f6c  pPingCallBackFunc                     
20000f74  __TI_cleanup_ptr                      
20000f78  __TI_dtors_ptr                        
20000f7c  __TI_enable_exit_profile_output       
20000f80  _lock                                 
20000f84  _unlock                               
20000f90  pIraEventHandler                      
20000f94  g_Status                              
20000f9c  errno                                 
20000fa8  SystemCoreClock                       
2000fe00  __stack                               
20010000  __STACK_END                           
4000480c  WDTCTL_SYM                            
ffffffff  __TI_pprof_out_hndl                   
ffffffff  __TI_prof_data_size                   
ffffffff  __TI_prof_data_start                  
ffffffff  __binit__                             
ffffffff  __c_args__                            
ffffffff  binit                                 
UNDEFED   __mpu_init                            
UNDEFED   _system_post_cinit                    

[376 symbols]
